Archive member included to satisfy reference by file (symbol)

c:/ac6/systemworkbench/plugins/fr.ac6.mcu.externaltools.arm-none.win32_1.11.0.201610101338/tools/gcc-arm-none-eabi-5_4-2016q2-20160622-win32/bin/../lib/gcc/arm-none-eabi/5.4.1/armv6-m\libgcc.a(_udivsi3.o)
                              src/main.o (__aeabi_uidiv)
c:/ac6/systemworkbench/plugins/fr.ac6.mcu.externaltools.arm-none.win32_1.11.0.201610101338/tools/gcc-arm-none-eabi-5_4-2016q2-20160622-win32/bin/../lib/gcc/arm-none-eabi/5.4.1/armv6-m\libgcc.a(_dvmd_tls.o)
                              c:/ac6/systemworkbench/plugins/fr.ac6.mcu.externaltools.arm-none.win32_1.11.0.201610101338/tools/gcc-arm-none-eabi-5_4-2016q2-20160622-win32/bin/../lib/gcc/arm-none-eabi/5.4.1/armv6-m\libgcc.a(_udivsi3.o) (__aeabi_idiv0)
c:/ac6/systemworkbench/plugins/fr.ac6.mcu.externaltools.arm-none.win32_1.11.0.201610101338/tools/gcc-arm-none-eabi-5_4-2016q2-20160622-win32/bin/../lib/gcc/arm-none-eabi/5.4.1/armv6-m\libgcc.a(_arm_cmpsf2.o)
                              src/main.o (__aeabi_fcmple)
c:/ac6/systemworkbench/plugins/fr.ac6.mcu.externaltools.arm-none.win32_1.11.0.201610101338/tools/gcc-arm-none-eabi-5_4-2016q2-20160622-win32/bin/../lib/gcc/arm-none-eabi/5.4.1/armv6-m\libgcc.a(divsf3.o)
                              src/main.o (__aeabi_fdiv)
c:/ac6/systemworkbench/plugins/fr.ac6.mcu.externaltools.arm-none.win32_1.11.0.201610101338/tools/gcc-arm-none-eabi-5_4-2016q2-20160622-win32/bin/../lib/gcc/arm-none-eabi/5.4.1/armv6-m\libgcc.a(eqsf2.o)
                              c:/ac6/systemworkbench/plugins/fr.ac6.mcu.externaltools.arm-none.win32_1.11.0.201610101338/tools/gcc-arm-none-eabi-5_4-2016q2-20160622-win32/bin/../lib/gcc/arm-none-eabi/5.4.1/armv6-m\libgcc.a(_arm_cmpsf2.o) (__eqsf2)
c:/ac6/systemworkbench/plugins/fr.ac6.mcu.externaltools.arm-none.win32_1.11.0.201610101338/tools/gcc-arm-none-eabi-5_4-2016q2-20160622-win32/bin/../lib/gcc/arm-none-eabi/5.4.1/armv6-m\libgcc.a(gesf2.o)
                              c:/ac6/systemworkbench/plugins/fr.ac6.mcu.externaltools.arm-none.win32_1.11.0.201610101338/tools/gcc-arm-none-eabi-5_4-2016q2-20160622-win32/bin/../lib/gcc/arm-none-eabi/5.4.1/armv6-m\libgcc.a(_arm_cmpsf2.o) (__gesf2)
c:/ac6/systemworkbench/plugins/fr.ac6.mcu.externaltools.arm-none.win32_1.11.0.201610101338/tools/gcc-arm-none-eabi-5_4-2016q2-20160622-win32/bin/../lib/gcc/arm-none-eabi/5.4.1/armv6-m\libgcc.a(lesf2.o)
                              c:/ac6/systemworkbench/plugins/fr.ac6.mcu.externaltools.arm-none.win32_1.11.0.201610101338/tools/gcc-arm-none-eabi-5_4-2016q2-20160622-win32/bin/../lib/gcc/arm-none-eabi/5.4.1/armv6-m\libgcc.a(_arm_cmpsf2.o) (__lesf2)
c:/ac6/systemworkbench/plugins/fr.ac6.mcu.externaltools.arm-none.win32_1.11.0.201610101338/tools/gcc-arm-none-eabi-5_4-2016q2-20160622-win32/bin/../lib/gcc/arm-none-eabi/5.4.1/armv6-m\libgcc.a(mulsf3.o)
                              src/main.o (__aeabi_fmul)
c:/ac6/systemworkbench/plugins/fr.ac6.mcu.externaltools.arm-none.win32_1.11.0.201610101338/tools/gcc-arm-none-eabi-5_4-2016q2-20160622-win32/bin/../lib/gcc/arm-none-eabi/5.4.1/armv6-m\libgcc.a(subsf3.o)
                              src/main.o (__aeabi_fsub)
c:/ac6/systemworkbench/plugins/fr.ac6.mcu.externaltools.arm-none.win32_1.11.0.201610101338/tools/gcc-arm-none-eabi-5_4-2016q2-20160622-win32/bin/../lib/gcc/arm-none-eabi/5.4.1/armv6-m\libgcc.a(fixsfsi.o)
                              src/main.o (__aeabi_f2iz)
c:/ac6/systemworkbench/plugins/fr.ac6.mcu.externaltools.arm-none.win32_1.11.0.201610101338/tools/gcc-arm-none-eabi-5_4-2016q2-20160622-win32/bin/../lib/gcc/arm-none-eabi/5.4.1/armv6-m\libgcc.a(floatsisf.o)
                              src/main.o (__aeabi_i2f)
c:/ac6/systemworkbench/plugins/fr.ac6.mcu.externaltools.arm-none.win32_1.11.0.201610101338/tools/gcc-arm-none-eabi-5_4-2016q2-20160622-win32/bin/../lib/gcc/arm-none-eabi/5.4.1/armv6-m\libgcc.a(adddf3.o)
                              src/main.o (__aeabi_dadd)
c:/ac6/systemworkbench/plugins/fr.ac6.mcu.externaltools.arm-none.win32_1.11.0.201610101338/tools/gcc-arm-none-eabi-5_4-2016q2-20160622-win32/bin/../lib/gcc/arm-none-eabi/5.4.1/armv6-m\libgcc.a(divdf3.o)
                              src/main.o (__aeabi_ddiv)
c:/ac6/systemworkbench/plugins/fr.ac6.mcu.externaltools.arm-none.win32_1.11.0.201610101338/tools/gcc-arm-none-eabi-5_4-2016q2-20160622-win32/bin/../lib/gcc/arm-none-eabi/5.4.1/armv6-m\libgcc.a(muldf3.o)
                              src/main.o (__aeabi_dmul)
c:/ac6/systemworkbench/plugins/fr.ac6.mcu.externaltools.arm-none.win32_1.11.0.201610101338/tools/gcc-arm-none-eabi-5_4-2016q2-20160622-win32/bin/../lib/gcc/arm-none-eabi/5.4.1/armv6-m\libgcc.a(subdf3.o)
                              src/main.o (__aeabi_dsub)
c:/ac6/systemworkbench/plugins/fr.ac6.mcu.externaltools.arm-none.win32_1.11.0.201610101338/tools/gcc-arm-none-eabi-5_4-2016q2-20160622-win32/bin/../lib/gcc/arm-none-eabi/5.4.1/armv6-m\libgcc.a(fixdfsi.o)
                              src/main.o (__aeabi_d2iz)
[...]
Memory Configuration

Name             Origin             Length             Attributes
FLASH            0x08000000         0x00020000         xr
RAM              0x20000000         0x00004000         xrw
*default*        0x00000000         0xffffffff

Linker script and memory map

LOAD c:/ac6/systemworkbench/plugins/fr.ac6.mcu.externaltools.arm-none.win32_1.11.0.201610101338/tools/gcc-arm-none-eabi-5_4-2016q2-20160622-win32/bin/../lib/gcc/arm-none-eabi/5.4.1/armv6-m/crti.o
LOAD c:/ac6/systemworkbench/plugins/fr.ac6.mcu.externaltools.arm-none.win32_1.11.0.201610101338/tools/gcc-arm-none-eabi-5_4-2016q2-20160622-win32/bin/../lib/gcc/arm-none-eabi/5.4.1/armv6-m/crtbegin.o
LOAD c:/ac6/systemworkbench/plugins/fr.ac6.mcu.externaltools.arm-none.win32_1.11.0.201610101338/tools/gcc-arm-none-eabi-5_4-2016q2-20160622-win32/bin/../lib/gcc/arm-none-eabi/5.4.1/../../../../arm-none-eabi/lib/armv6-m/crt0.o
LOAD c:/ac6/systemworkbench/plugins/fr.ac6.mcu.externaltools.arm-none.win32_1.11.0.201610101338/tools/gcc-arm-none-eabi-5_4-2016q2-20160622-win32/bin/../lib/gcc/arm-none-eabi/5.4.1/../../../../arm-none-eabi/lib/armv6-m\libm.a
LOAD startup/startup_stm32f072.o
LOAD src/main.o
LOAD src/syscalls.o
LOAD src/system_stm32f0xx.o
LOAD src/usart_timer.o
LOAD Utilities/STM32F0xx-Nucleo/stm32f0xx_nucleo.o
LOAD StdPeriph_Driver/src/stm32f0xx_adc.o
LOAD StdPeriph_Driver/src/stm32f0xx_can.o
LOAD StdPeriph_Driver/src/stm32f0xx_cec.o
LOAD StdPeriph_Driver/src/stm32f0xx_comp.o
LOAD StdPeriph_Driver/src/stm32f0xx_crc.o
LOAD StdPeriph_Driver/src/stm32f0xx_crs.o
LOAD StdPeriph_Driver/src/stm32f0xx_dac.o
LOAD StdPeriph_Driver/src/stm32f0xx_dbgmcu.o
LOAD StdPeriph_Driver/src/stm32f0xx_dma.o
LOAD StdPeriph_Driver/src/stm32f0xx_exti.o
LOAD StdPeriph_Driver/src/stm32f0xx_flash.o
LOAD StdPeriph_Driver/src/stm32f0xx_gpio.o
LOAD StdPeriph_Driver/src/stm32f0xx_i2c.o
LOAD StdPeriph_Driver/src/stm32f0xx_iwdg.o
LOAD StdPeriph_Driver/src/stm32f0xx_misc.o
LOAD StdPeriph_Driver/src/stm32f0xx_pwr.o
LOAD StdPeriph_Driver/src/stm32f0xx_rcc.o
LOAD StdPeriph_Driver/src/stm32f0xx_rtc.o
LOAD StdPeriph_Driver/src/stm32f0xx_spi.o
LOAD StdPeriph_Driver/src/stm32f0xx_syscfg.o
LOAD StdPeriph_Driver/src/stm32f0xx_tim.o
LOAD StdPeriph_Driver/src/stm32f0xx_usart.o
LOAD StdPeriph_Driver/src/stm32f0xx_wwdg.o
START GROUP
LOAD c:/ac6/systemworkbench/plugins/fr.ac6.mcu.externaltools.arm-none.win32_1.11.0.201610101338/tools/gcc-arm-none-eabi-5_4-2016q2-20160622-win32/bin/../lib/gcc/arm-none-eabi/5.4.1/armv6-m\libgcc.a
LOAD c:/ac6/systemworkbench/plugins/fr.ac6.mcu.externaltools.arm-none.win32_1.11.0.201610101338/tools/gcc-arm-none-eabi-5_4-2016q2-20160622-win32/bin/../lib/gcc/arm-none-eabi/5.4.1/../../../../arm-none-eabi/lib/armv6-m\libc.a
END GROUP
LOAD c:/ac6/systemworkbench/plugins/fr.ac6.mcu.externaltools.arm-none.win32_1.11.0.201610101338/tools/gcc-arm-none-eabi-5_4-2016q2-20160622-win32/bin/../lib/gcc/arm-none-eabi/5.4.1/armv6-m/crtend.o
LOAD c:/ac6/systemworkbench/plugins/fr.ac6.mcu.externaltools.arm-none.win32_1.11.0.201610101338/tools/gcc-arm-none-eabi-5_4-2016q2-20160622-win32/bin/../lib/gcc/arm-none-eabi/5.4.1/armv6-m/crtn.o
                0x20004000                _estack = 0x20004000
                0x00000000                _Min_Heap_Size = 0x0
                0x00000800                _Min_Stack_Size = 0x800

.isr_vector     0x08000000       0xc0
                0x08000000                . = ALIGN (0x4)
 *(.isr_vector)
 .isr_vector    0x08000000       0xc0 startup/startup_stm32f072.o
                0x08000000                g_pfnVectors
                0x080000c0                . = ALIGN (0x4)

.text           0x080000c0     0xcaf0
                0x080000c0                . = ALIGN (0x4)
 *(.text)
 .text          0x080000c0       0x60 c:/ac6/systemworkbench/plugins/fr.ac6.mcu.externaltools.arm-none.win32_1.11.0.201610101338/tools/gcc-arm-none-eabi-5_4-2016q2-20160622-win32/bin/../lib/gcc/arm-none-eabi/5.4.1/armv6-m/crtbegin.o
 .text          0x08000120      0x114 c:/ac6/systemworkbench/plugins/fr.ac6.mcu.externaltools.arm-none.win32_1.11.0.201610101338/tools/gcc-arm-none-eabi-5_4-2016q2-20160622-win32/bin/../lib/gcc/arm-none-eabi/5.4.1/armv6-m\libgcc.a(_udivsi3.o)
                0x08000120                __aeabi_uidiv
                0x08000120                __udivsi3
                0x0800022c                __aeabi_uidivmod
 .text          0x08000234        0x4 c:/ac6/systemworkbench/plugins/fr.ac6.mcu.externaltools.arm-none.win32_1.11.0.201610101338/tools/gcc-arm-none-eabi-5_4-2016q2-20160622-win32/bin/../lib/gcc/arm-none-eabi/5.4.1/armv6-m\libgcc.a(_dvmd_tls.o)
                0x08000234                __aeabi_idiv0
                0x08000234                __aeabi_ldiv0
 .text          0x08000238       0x74 c:/ac6/systemworkbench/plugins/fr.ac6.mcu.externaltools.arm-none.win32_1.11.0.201610101338/tools/gcc-arm-none-eabi-5_4-2016q2-20160622-win32/bin/../lib/gcc/arm-none-eabi/5.4.1/armv6-m\libgcc.a(_arm_cmpsf2.o)
                0x08000238                __aeabi_cfrcmple
                0x08000240                __aeabi_cfcmpeq
                0x08000240                __aeabi_cfcmple
                0x08000250                __aeabi_fcmpeq
                0x0800025c                __aeabi_fcmplt
                0x08000270                __aeabi_fcmple
                0x08000284                __aeabi_fcmpgt
                0x08000298                __aeabi_fcmpge
 .text          0x080002ac      0x234 c:/ac6/systemworkbench/plugins/fr.ac6.mcu.externaltools.arm-none.win32_1.11.0.201610101338/tools/gcc-arm-none-eabi-5_4-2016q2-20160622-win32/bin/../lib/gcc/arm-none-eabi/5.4.1/armv6-m\libgcc.a(divsf3.o)
                0x080002ac                __aeabi_fdiv
 .text          0x080004e0       0x50 c:/ac6/systemworkbench/plugins/fr.ac6.mcu.externaltools.arm-none.win32_1.11.0.201610101338/tools/gcc-arm-none-eabi-5_4-2016q2-20160622-win32/bin/../lib/gcc/arm-none-eabi/5.4.1/armv6-m\libgcc.a(eqsf2.o)
                0x080004e0                __eqsf2
                0x080004e0                __nesf2
 .text          0x08000530       0x88 c:/ac6/systemworkbench/plugins/fr.ac6.mcu.externaltools.arm-none.win32_1.11.0.201610101338/tools/gcc-arm-none-eabi-5_4-2016q2-20160622-win32/bin/../lib/gcc/arm-none-eabi/5.4.1/armv6-m\libgcc.a(gesf2.o)
                0x08000530                __gesf2
                0x08000530                __gtsf2
 .text          0x080005b8       0x88 c:/ac6/systemworkbench/plugins/fr.ac6.mcu.externaltools.arm-none.win32_1.11.0.201610101338/tools/gcc-arm-none-eabi-5_4-2016q2-20160622-win32/bin/../lib/gcc/arm-none-eabi/5.4.1/armv6-m\libgcc.a(lesf2.o)
                0x080005b8                __ltsf2
                0x080005b8                __lesf2
 .text          0x08000640      0x228 c:/ac6/systemworkbench/plugins/fr.ac6.mcu.externaltools.arm-none.win32_1.11.0.201610101338/tools/gcc-arm-none-eabi-5_4-2016q2-20160622-win32/bin/../lib/gcc/arm-none-eabi/5.4.1/armv6-m\libgcc.a(mulsf3.o)
                0x08000640                __aeabi_fmul
 .text          0x08000868      0x30c c:/ac6/systemworkbench/plugins/fr.ac6.mcu.externaltools.arm-none.win32_1.11.0.201610101338/tools/gcc-arm-none-eabi-5_4-2016q2-20160622-win32/bin/../lib/gcc/arm-none-eabi/5.4.1/armv6-m\libgcc.a(subsf3.o)
                0x08000868                __aeabi_fsub
 .text          0x08000b74       0x44 c:/ac6/systemworkbench/plugins/fr.ac6.mcu.externaltools.arm-none.win32_1.11.0.201610101338/tools/gcc-arm-none-eabi-5_4-2016q2-20160622-win32/bin/../lib/gcc/arm-none-eabi/5.4.1/armv6-m\libgcc.a(fixsfsi.o)
                0x08000b74                __aeabi_f2iz
 .text          0x08000bb8       0x90 c:/ac6/systemworkbench/plugins/fr.ac6.mcu.externaltools.arm-none.win32_1.11.0.201610101338/tools/gcc-arm-none-eabi-5_4-2016q2-20160622-win32/bin/../lib/gcc/arm-none-eabi/5.4.1/armv6-m\libgcc.a(floatsisf.o)
                0x08000bb8                __aeabi_i2f
 .text          0x08000c48      0x658 c:/ac6/systemworkbench/plugins/fr.ac6.mcu.externaltools.arm-none.win32_1.11.0.201610101338/tools/gcc-arm-none-eabi-5_4-2016q2-20160622-win32/bin/../lib/gcc/arm-none-eabi/5.4.1/armv6-m\libgcc.a(adddf3.o)
                0x08000c48                __aeabi_dadd
 .text          0x080012a0      0x62c c:/ac6/systemworkbench/plugins/fr.ac6.mcu.externaltools.arm-none.win32_1.11.0.201610101338/tools/gcc-arm-none-eabi-5_4-2016q2-20160622-win32/bin/../lib/gcc/arm-none-eabi/5.4.1/armv6-m\libgcc.a(divdf3.o)
                0x080012a0                __aeabi_ddiv
 .text          0x080018cc      0x4f4 c:/ac6/systemworkbench/plugins/fr.ac6.mcu.externaltools.arm-none.win32_1.11.0.201610101338/tools/gcc-arm-none-eabi-5_4-2016q2-20160622-win32/bin/../lib/gcc/arm-none-eabi/5.4.1/armv6-m\libgcc.a(muldf3.o)
                0x080018cc                __aeabi_dmul
 .text          0x08001dc0      0x6a8 c:/ac6/systemworkbench/plugins/fr.ac6.mcu.externaltools.arm-none.win32_1.11.0.201610101338/tools/gcc-arm-none-eabi-5_4-2016q2-20160622-win32/bin/../lib/gcc/arm-none-eabi/5.4.1/armv6-m\libgcc.a(subdf3.o)
                0x08001dc0                __aeabi_dsub
 .text          0x08002468       0x6c c:/ac6/systemworkbench/plugins/fr.ac6.mcu.externaltools.arm-none.win32_1.11.0.201610101338/tools/gcc-arm-none-eabi-5_4-2016q2-20160622-win32/bin/../lib/gcc/arm-none-eabi/5.4.1/armv6-m\libgcc.a(fixdfsi.o)
                0x08002468                __aeabi_d2iz
 .text          0x080024d4       0x84 c:/ac6/systemworkbench/plugins/fr.ac6.mcu.externaltools.arm-none.win32_1.11.0.201610101338/tools/gcc-arm-none-eabi-5_4-2016q2-20160622-win32/bin/../lib/gcc/arm-none-eabi/5.4.1/armv6-m\libgcc.a(floatsidf.o)
                0x080024d4                __aeabi_i2d
 .text          0x08002558       0xa8 c:/ac6/systemworkbench/plugins/fr.ac6.mcu.externaltools.arm-none.win32_1.11.0.201610101338/tools/gcc-arm-none-eabi-5_4-2016q2-20160622-win32/bin/../lib/gcc/arm-none-eabi/5.4.1/armv6-m\libgcc.a(extendsfdf2.o)
                0x08002558                __aeabi_f2d
 .text          0x08002600      0x118 c:/ac6/systemworkbench/plugins/fr.ac6.mcu.externaltools.arm-none.win32_1.11.0.201610101338/tools/gcc-arm-none-eabi-5_4-2016q2-20160622-win32/bin/../lib/gcc/arm-none-eabi/5.4.1/armv6-m\libgcc.a(truncdfsf2.o)
                0x08002600                __aeabi_d2f
 .text          0x08002718       0x3c c:/ac6/systemworkbench/plugins/fr.ac6.mcu.externaltools.arm-none.win32_1.11.0.201610101338/tools/gcc-arm-none-eabi-5_4-2016q2-20160622-win32/bin/../lib/gcc/arm-none-eabi/5.4.1/armv6-m\libgcc.a(_clzsi2.o)
                0x08002718                __clzsi2
 .text          0x08002754       0x88 c:/ac6/systemworkbench/plugins/fr.ac6.mcu.externaltools.arm-none.win32_1.11.0.201610101338/tools/gcc-arm-none-eabi-5_4-2016q2-20160622-win32/bin/../lib/gcc/arm-none-eabi/5.4.1/../../../../arm-none-eabi/lib/armv6-m\libc.a(lib_a-strcmp.o)
                0x08002754                strcmp
 .text          0x080027dc      0x1d4 c:/ac6/systemworkbench/plugins/fr.ac6.mcu.externaltools.arm-none.win32_1.11.0.201610101338/tools/gcc-arm-none-eabi-5_4-2016q2-20160622-win32/bin/../lib/gcc/arm-none-eabi/5.4.1/armv6-m\libgcc.a(_divsi3.o)
                0x080027dc                __divsi3
                0x080027dc                __aeabi_idiv
                0x080029a8                __aeabi_idivmod
 .text          0x080029b0       0x7c c:/ac6/systemworkbench/plugins/fr.ac6.mcu.externaltools.arm-none.win32_1.11.0.201610101338/tools/gcc-arm-none-eabi-5_4-2016q2-20160622-win32/bin/../lib/gcc/arm-none-eabi/5.4.1/armv6-m\libgcc.a(_arm_cmpdf2.o)
                0x080029b0                __aeabi_cdrcmple
                0x080029c0                __aeabi_cdcmple
                0x080029c0                __aeabi_cdcmpeq
                0x080029d0                __aeabi_dcmpeq
                0x080029dc                __aeabi_dcmplt
                0x080029f0                __aeabi_dcmple
                0x08002a04                __aeabi_dcmpgt
                0x08002a18                __aeabi_dcmpge
 .text          0x08002a2c       0x40 c:/ac6/systemworkbench/plugins/fr.ac6.mcu.externaltools.arm-none.win32_1.11.0.201610101338/tools/gcc-arm-none-eabi-5_4-2016q2-20160622-win32/bin/../lib/gcc/arm-none-eabi/5.4.1/armv6-m\libgcc.a(_aeabi_uldivmod.o)
                0x08002a2c                __aeabi_uldivmod
 .text          0x08002a6c       0x58 c:/ac6/systemworkbench/plugins/fr.ac6.mcu.externaltools.arm-none.win32_1.11.0.201610101338/tools/gcc-arm-none-eabi-5_4-2016q2-20160622-win32/bin/../lib/gcc/arm-none-eabi/5.4.1/armv6-m\libgcc.a(_muldi3.o)
                0x08002a6c                __muldi3
                0x08002a6c                __aeabi_lmul
 .text          0x08002ac4       0x3c c:/ac6/systemworkbench/plugins/fr.ac6.mcu.externaltools.arm-none.win32_1.11.0.201610101338/tools/gcc-arm-none-eabi-5_4-2016q2-20160622-win32/bin/../lib/gcc/arm-none-eabi/5.4.1/armv6-m\libgcc.a(_fixunsdfsi.o)
                0x08002ac4                __aeabi_d2uiz
                0x08002ac4                __fixunsdfsi
 .text          0x08002b00      0x180 c:/ac6/systemworkbench/plugins/fr.ac6.mcu.externaltools.arm-none.win32_1.11.0.201610101338/tools/gcc-arm-none-eabi-5_4-2016q2-20160622-win32/bin/../lib/gcc/arm-none-eabi/5.4.1/armv6-m\libgcc.a(_udivmoddi4.o)
                0x08002b00                __udivmoddi4
 .text          0x08002c80       0x80 c:/ac6/systemworkbench/plugins/fr.ac6.mcu.externaltools.arm-none.win32_1.11.0.201610101338/tools/gcc-arm-none-eabi-5_4-2016q2-20160622-win32/bin/../lib/gcc/arm-none-eabi/5.4.1/armv6-m\libgcc.a(eqdf2.o)
                0x08002c80                __nedf2
                0x08002c80                __eqdf2
 .text          0x08002d00       0xc8 c:/ac6/systemworkbench/plugins/fr.ac6.mcu.externaltools.arm-none.win32_1.11.0.201610101338/tools/gcc-arm-none-eabi-5_4-2016q2-20160622-win32/bin/../lib/gcc/arm-none-eabi/5.4.1/armv6-m\libgcc.a(gedf2.o)
                0x08002d00                __gedf2
                0x08002d00                __gtdf2
 .text          0x08002dc8       0xd4 c:/ac6/systemworkbench/plugins/fr.ac6.mcu.externaltools.arm-none.win32_1.11.0.201610101338/tools/gcc-arm-none-eabi-5_4-2016q2-20160622-win32/bin/../lib/gcc/arm-none-eabi/5.4.1/armv6-m\libgcc.a(ledf2.o)
                0x08002dc8                __ledf2
                0x08002dc8                __ltdf2
 .text          0x08002e9c       0x40 c:/ac6/systemworkbench/plugins/fr.ac6.mcu.externaltools.arm-none.win32_1.11.0.201610101338/tools/gcc-arm-none-eabi-5_4-2016q2-20160622-win32/bin/../lib/gcc/arm-none-eabi/5.4.1/armv6-m\libgcc.a(unorddf2.o)
                0x08002e9c                __aeabi_dcmpun
 .text          0x08002edc       0x70 c:/ac6/systemworkbench/plugins/fr.ac6.mcu.externaltools.arm-none.win32_1.11.0.201610101338/tools/gcc-arm-none-eabi-5_4-2016q2-20160622-win32/bin/../lib/gcc/arm-none-eabi/5.4.1/armv6-m\libgcc.a(floatunsidf.o)
                0x08002edc                __aeabi_ui2d
 .text          0x08002f4c       0x18 c:/ac6/systemworkbench/plugins/fr.ac6.mcu.externaltools.arm-none.win32_1.11.0.201610101338/tools/gcc-arm-none-eabi-5_4-2016q2-20160622-win32/bin/../lib/gcc/arm-none-eabi/5.4.1/armv6-m\libgcc.a(_clzdi2.o)
                0x08002f4c                __clzdi2
 *(.text*)
 .text.Reset_Handler
                0x08002f64       0x70 startup/startup_stm32f072.o
                0x08002f64                Reset_Handler
 .text.Default_Handler
                0x08002fd4        0x2 startup/startup_stm32f072.o
                0x08002fd4                TIM1_CC_IRQHandler
                0x08002fd4                TSC_IRQHandler
                0x08002fd4                HardFault_Handler
                0x08002fd4                ADC1_COMP_IRQHandler
                0x08002fd4                PendSV_Handler
                0x08002fd4                NMI_Handler
                0x08002fd4                I2C1_IRQHandler
                0x08002fd4                RCC_CRS_IRQHandler
                0x08002fd4                SPI1_IRQHandler
                0x08002fd4                TIM6_DAC_IRQHandler
                0x08002fd4                USART3_4_IRQHandler
                0x08002fd4                EXTI2_3_IRQHandler
                0x08002fd4                I2C2_IRQHandler
                0x08002fd4                TIM17_IRQHandler
                0x08002fd4                CEC_CAN_IRQHandler
                0x08002fd4                RTC_IRQHandler
                0x08002fd4                PVD_VDDIO2_IRQHandler
                0x08002fd4                DMA1_Channel4_5_6_7_IRQHandler
                0x08002fd4                TIM16_IRQHandler
                0x08002fd4                EXTI4_15_IRQHandler
                0x08002fd4                DMA1_Channel1_IRQHandler
                0x08002fd4                Default_Handler
                0x08002fd4                TIM14_IRQHandler
                0x08002fd4                TIM7_IRQHandler
                0x08002fd4                TIM15_IRQHandler
                0x08002fd4                EXTI0_1_IRQHandler
                0x08002fd4                USB_IRQHandler
                0x08002fd4                SPI2_IRQHandler
                0x08002fd4                SVC_Handler
                0x08002fd4                WWDG_IRQHandler
                0x08002fd4                DMA1_Channel2_3_IRQHandler
                0x08002fd4                FLASH_IRQHandler
                0x08002fd4                USART1_IRQHandler
                0x08002fd4                TIM1_BRK_UP_TRG_COM_IRQHandler
 *fill*         0x08002fd6        0x2 
 .text.NVIC_SetPriority
                0x08002fd8       0xdc src/main.o
 .text.SysTick_Config
                0x080030b4       0x48 src/main.o
 .text.SysTick_Handler
                0x080030fc       0x20 src/main.o
                0x080030fc                SysTick_Handler
 .text.delay_ms
                0x0800311c       0x24 src/main.o
                0x0800311c                delay_ms
 .text.sendString
                0x08003140       0xd4 src/main.o
                0x08003140                sendString
 .text.checkCommand
                0x08003214      0x780 src/main.o
                0x08003214                checkCommand
 .text.usartGetValue
                0x08003994       0xa0 src/main.o
                0x08003994                usartGetValue
 .text.basicXSettings
                0x08003a34       0xe8 src/main.o
                0x08003a34                basicXSettings
 .text.basicYSettings
                0x08003b1c       0xe8 src/main.o
                0x08003b1c                basicYSettings
 .text.USART2_IRQHandler
                0x08003c04       0xc4 src/main.o
                0x08003c04                USART2_IRQHandler
 .text.axisXmove
                0x08003cc8      0x280 src/main.o
                0x08003cc8                axisXmove
 .text.axisYmove
                0x08003f48      0x284 src/main.o
                0x08003f48                axisYmove
 .text.TIM2_IRQHandler
                0x080041cc      0x1e0 src/main.o
                0x080041cc                TIM2_IRQHandler
 .text.TIM3_IRQHandler
                0x080043ac      0x178 src/main.o
                0x080043ac                TIM3_IRQHandler
 .text.main     0x08004524       0x4c src/main.o
                0x08004524                main
 .text._sbrk    0x08004570       0x58 src/syscalls.o
                0x08004570                _sbrk
 .text.SystemInit
                0x080045c8       0x8c src/system_stm32f0xx.o
                0x080045c8                SystemInit
 .text.SetSysClock
                0x08004654       0xe0 src/system_stm32f0xx.o
 .text.Pin_AxisXConfig
                0x08004734       0x44 src/usart_timer.o
                0x08004734                Pin_AxisXConfig
 .text.Pin_AxisYConfig
                0x08004778       0x44 src/usart_timer.o
                0x08004778                Pin_AxisYConfig
 .text.Pin_Config
                0x080047bc       0x40 src/usart_timer.o
                0x080047bc                Pin_Config
 .text.Nvic_Timer2_Config
                0x080047fc       0x28 src/usart_timer.o
                0x080047fc                Nvic_Timer2_Config
 .text.Nvic_Timer3_Config
                0x08004824       0x28 src/usart_timer.o
                0x08004824                Nvic_Timer3_Config
 .text.Timer2_Config
                0x0800484c       0x50 src/usart_timer.o
                0x0800484c                Timer2_Config
 .text.Timer3_Config
                0x0800489c       0x50 src/usart_timer.o
                0x0800489c                Timer3_Config
 .text.USART2_Init
                0x080048ec      0x15c src/usart_timer.o
                0x080048ec                USART2_Init
 .text.parametr
                0x08004a48       0x90 src/usart_timer.o
                0x08004a48                parametr
 .text.toString
                0x08004ad8       0x28 src/usart_timer.o
                0x08004ad8                toString
 .text.conkat   0x08004b00       0x3c src/usart_timer.o
                0x08004b00                conkat
 .text.floatToString
                0x08004b3c       0x34 src/usart_timer.o
                0x08004b3c                floatToString
 .text.GPIO_Init
                0x08004b70      0x130 StdPeriph_Driver/src/stm32f0xx_gpio.o
                0x08004b70                GPIO_Init
 .text.GPIO_SetBits
                0x08004ca0       0x20 StdPeriph_Driver/src/stm32f0xx_gpio.o
                0x08004ca0                GPIO_SetBits
 .text.GPIO_ResetBits
                0x08004cc0       0x20 StdPeriph_Driver/src/stm32f0xx_gpio.o
                0x08004cc0                GPIO_ResetBits
 .text.GPIO_PinAFConfig
                0x08004ce0       0xa4 StdPeriph_Driver/src/stm32f0xx_gpio.o
                0x08004ce0                GPIO_PinAFConfig
 .text.NVIC_Init
                0x08004d84       0xac StdPeriph_Driver/src/stm32f0xx_misc.o
                0x08004d84                NVIC_Init
 .text.RCC_GetClocksFreq
                0x08004e30      0x268 StdPeriph_Driver/src/stm32f0xx_rcc.o
                0x08004e30                RCC_GetClocksFreq
 .text.RCC_AHBPeriphClockCmd
                0x08005098       0x40 StdPeriph_Driver/src/stm32f0xx_rcc.o
                0x08005098                RCC_AHBPeriphClockCmd
 .text.RCC_APB1PeriphClockCmd
                0x080050d8       0x40 StdPeriph_Driver/src/stm32f0xx_rcc.o
                0x080050d8                RCC_APB1PeriphClockCmd
 .text.TIM_TimeBaseInit
                0x08005118       0xf0 StdPeriph_Driver/src/stm32f0xx_tim.o
                0x08005118                TIM_TimeBaseInit
 .text.TIM_TimeBaseStructInit
                0x08005208       0x30 StdPeriph_Driver/src/stm32f0xx_tim.o
                0x08005208                TIM_TimeBaseStructInit
 .text.TIM_Cmd  0x08005238       0x40 StdPeriph_Driver/src/stm32f0xx_tim.o
                0x08005238                TIM_Cmd
 .text.TIM_ITConfig
                0x08005278       0x54 StdPeriph_Driver/src/stm32f0xx_tim.o
                0x08005278                TIM_ITConfig
 .text.TIM_GetITStatus
                0x080052cc       0x80 StdPeriph_Driver/src/stm32f0xx_tim.o
                0x080052cc                TIM_GetITStatus
 .text.TIM_ClearITPendingBit
                0x0800534c       0x24 StdPeriph_Driver/src/stm32f0xx_tim.o
                0x0800534c                TIM_ClearITPendingBit
 .text.USART_Init
                0x08005370      0x174 StdPeriph_Driver/src/stm32f0xx_usart.o
                0x08005370                USART_Init
 .text.USART_Cmd
                0x080054e4       0x3c StdPeriph_Driver/src/stm32f0xx_usart.o
                0x080054e4                USART_Cmd
 .text.USART_SendData
                0x08005520       0x24 StdPeriph_Driver/src/stm32f0xx_usart.o
                0x08005520                USART_SendData
 .text.USART_ReceiveData
                0x08005544       0x1c StdPeriph_Driver/src/stm32f0xx_usart.o
                0x08005544                USART_ReceiveData
 .text.USART_ITConfig
                0x08005560       0x88 StdPeriph_Driver/src/stm32f0xx_usart.o
                0x08005560                USART_ITConfig
 .text.USART_GetFlagStatus
                0x080055e8       0x3c StdPeriph_Driver/src/stm32f0xx_usart.o
                0x080055e8                USART_GetFlagStatus
 .text.USART_GetITStatus
                0x08005624       0xb0 StdPeriph_Driver/src/stm32f0xx_usart.o
                0x08005624                USART_GetITStatus
 .text.atoi     0x080056d4        0xc c:/ac6/systemworkbench/plugins/fr.ac6.mcu.externaltools.arm-none.win32_1.11.0.201610101338/tools/gcc-arm-none-eabi-5_4-2016q2-20160622-win32/bin/../lib/gcc/arm-none-eabi/5.4.1/../../../../arm-none-eabi/lib/armv6-m\libc.a(lib_a-atoi.o)
                0x080056d4                atoi
 .text.__errno  0x080056e0        0xc c:/ac6/systemworkbench/plugins/fr.ac6.mcu.externaltools.arm-none.win32_1.11.0.201610101338/tools/gcc-arm-none-eabi-5_4-2016q2-20160622-win32/bin/../lib/gcc/arm-none-eabi/5.4.1/../../../../arm-none-eabi/lib/armv6-m\libc.a(lib_a-errno.o)
                0x080056e0                __errno
 .text.__libc_init_array
                0x080056ec       0x48 c:/ac6/systemworkbench/plugins/fr.ac6.mcu.externaltools.arm-none.win32_1.11.0.201610101338/tools/gcc-arm-none-eabi-5_4-2016q2-20160622-win32/bin/../lib/gcc/arm-none-eabi/5.4.1/../../../../arm-none-eabi/lib/armv6-m\libc.a(lib_a-init.o)
                0x080056ec                __libc_init_array
 .text.memset   0x08005734       0x8c c:/ac6/systemworkbench/plugins/fr.ac6.mcu.externaltools.arm-none.win32_1.11.0.201610101338/tools/gcc-arm-none-eabi-5_4-2016q2-20160622-win32/bin/../lib/gcc/arm-none-eabi/5.4.1/../../../../arm-none-eabi/lib/armv6-m\libc.a(lib_a-memset.o)
                0x08005734                memset
 .text.sprintf  0x080057c0       0x44 c:/ac6/systemworkbench/plugins/fr.ac6.mcu.externaltools.arm-none.win32_1.11.0.201610101338/tools/gcc-arm-none-eabi-5_4-2016q2-20160622-win32/bin/../lib/gcc/arm-none-eabi/5.4.1/../../../../arm-none-eabi/lib/armv6-m\libc.a(lib_a-sprintf.o)
                0x080057c0                sprintf
 .text.sscanf   0x08005804       0x50 c:/ac6/systemworkbench/plugins/fr.ac6.mcu.externaltools.arm-none.win32_1.11.0.201610101338/tools/gcc-arm-none-eabi-5_4-2016q2-20160622-win32/bin/../lib/gcc/arm-none-eabi/5.4.1/../../../../arm-none-eabi/lib/armv6-m\libc.a(lib_a-sscanf.o)
                0x08005804                sscanf
 .text.__seofread
                0x08005854        0x4 c:/ac6/systemworkbench/plugins/fr.ac6.mcu.externaltools.arm-none.win32_1.11.0.201610101338/tools/gcc-arm-none-eabi-5_4-2016q2-20160622-win32/bin/../lib/gcc/arm-none-eabi/5.4.1/../../../../arm-none-eabi/lib/armv6-m\libc.a(lib_a-stdio.o)
                0x08005854                __seofread
 .text.strlen   0x08005858       0x68 c:/ac6/systemworkbench/plugins/fr.ac6.mcu.externaltools.arm-none.win32_1.11.0.201610101338/tools/gcc-arm-none-eabi-5_4-2016q2-20160622-win32/bin/../lib/gcc/arm-none-eabi/5.4.1/../../../../arm-none-eabi/lib/armv6-m\libc.a(lib_a-strlen-stub.o)
                0x08005858                strlen
 .text.strncmp  0x080058c0       0x98 c:/ac6/systemworkbench/plugins/fr.ac6.mcu.externaltools.arm-none.win32_1.11.0.201610101338/tools/gcc-arm-none-eabi-5_4-2016q2-20160622-win32/bin/../lib/gcc/arm-none-eabi/5.4.1/../../../../arm-none-eabi/lib/armv6-m\libc.a(lib_a-strncmp.o)
                0x080058c0                strncmp
 .text._strtol_r
                0x08005958      0x178 c:/ac6/systemworkbench/plugins/fr.ac6.mcu.externaltools.arm-none.win32_1.11.0.201610101338/tools/gcc-arm-none-eabi-5_4-2016q2-20160622-win32/bin/../lib/gcc/arm-none-eabi/5.4.1/../../../../arm-none-eabi/lib/armv6-m\libc.a(lib_a-strtol.o)
                0x08005958                _strtol_r
 .text.strtol   0x08005ad0       0x18 c:/ac6/systemworkbench/plugins/fr.ac6.mcu.externaltools.arm-none.win32_1.11.0.201610101338/tools/gcc-arm-none-eabi-5_4-2016q2-20160622-win32/bin/../lib/gcc/arm-none-eabi/5.4.1/../../../../arm-none-eabi/lib/armv6-m\libc.a(lib_a-strtol.o)
                0x08005ad0                strtol
 .text._svfprintf_r
                0x08005ae8     0x1820 c:/ac6/systemworkbench/plugins/fr.ac6.mcu.externaltools.arm-none.win32_1.11.0.201610101338/tools/gcc-arm-none-eabi-5_4-2016q2-20160622-win32/bin/../lib/gcc/arm-none-eabi/5.4.1/../../../../arm-none-eabi/lib/armv6-m\libc.a(lib_a-svfprintf.o)
                0x08005ae8                _svfprintf_r
 .text.__ssvfscanf_r
                0x08007308      0xe7c c:/ac6/systemworkbench/plugins/fr.ac6.mcu.externaltools.arm-none.win32_1.11.0.201610101338/tools/gcc-arm-none-eabi-5_4-2016q2-20160622-win32/bin/../lib/gcc/arm-none-eabi/5.4.1/../../../../arm-none-eabi/lib/armv6-m\libc.a(lib_a-svfscanf.o)
                0x08007308                __ssvfscanf_r
 .text.startup.register_fini
                0x08008184       0x18 c:/ac6/systemworkbench/plugins/fr.ac6.mcu.externaltools.arm-none.win32_1.11.0.201610101338/tools/gcc-arm-none-eabi-5_4-2016q2-20160622-win32/bin/../lib/gcc/arm-none-eabi/5.4.1/../../../../arm-none-eabi/lib/armv6-m\libc.a(lib_a-__call_atexit.o)
 .text.atexit   0x0800819c       0x10 c:/ac6/systemworkbench/plugins/fr.ac6.mcu.externaltools.arm-none.win32_1.11.0.201610101338/tools/gcc-arm-none-eabi-5_4-2016q2-20160622-win32/bin/../lib/gcc/arm-none-eabi/5.4.1/../../../../arm-none-eabi/lib/armv6-m\libc.a(lib_a-atexit.o)
                0x0800819c                atexit
 .text.quorem   0x080081ac      0x150 c:/ac6/systemworkbench/plugins/fr.ac6.mcu.externaltools.arm-none.win32_1.11.0.201610101338/tools/gcc-arm-none-eabi-5_4-2016q2-20160622-win32/bin/../lib/gcc/arm-none-eabi/5.4.1/../../../../arm-none-eabi/lib/armv6-m\libc.a(lib_a-dtoa.o)
 .text._dtoa_r  0x080082fc      0xf54 c:/ac6/systemworkbench/plugins/fr.ac6.mcu.externaltools.arm-none.win32_1.11.0.201610101338/tools/gcc-arm-none-eabi-5_4-2016q2-20160622-win32/bin/../lib/gcc/arm-none-eabi/5.4.1/../../../../arm-none-eabi/lib/armv6-m\libc.a(lib_a-dtoa.o)
                0x080082fc                _dtoa_r
 .text.__libc_fini_array
                0x08009250       0x34 c:/ac6/systemworkbench/plugins/fr.ac6.mcu.externaltools.arm-none.win32_1.11.0.201610101338/tools/gcc-arm-none-eabi-5_4-2016q2-20160622-win32/bin/../lib/gcc/arm-none-eabi/5.4.1/../../../../arm-none-eabi/lib/armv6-m\libc.a(lib_a-fini.o)
                0x08009250                __libc_fini_array
 .text.iswspace
                0x08009284       0x1c c:/ac6/systemworkbench/plugins/fr.ac6.mcu.externaltools.arm-none.win32_1.11.0.201610101338/tools/gcc-arm-none-eabi-5_4-2016q2-20160622-win32/bin/../lib/gcc/arm-none-eabi/5.4.1/../../../../arm-none-eabi/lib/armv6-m\libc.a(lib_a-iswspace.o)
                0x08009284                iswspace
 .text.__locale_charset
                0x080092a0        0x8 c:/ac6/systemworkbench/plugins/fr.ac6.mcu.externaltools.arm-none.win32_1.11.0.201610101338/tools/gcc-arm-none-eabi-5_4-2016q2-20160622-win32/bin/../lib/gcc/arm-none-eabi/5.4.1/../../../../arm-none-eabi/lib/armv6-m\libc.a(lib_a-locale.o)
                0x080092a0                __locale_charset
 .text.__locale_mb_cur_max
                0x080092a8        0xc c:/ac6/systemworkbench/plugins/fr.ac6.mcu.externaltools.arm-none.win32_1.11.0.201610101338/tools/gcc-arm-none-eabi-5_4-2016q2-20160622-win32/bin/../lib/gcc/arm-none-eabi/5.4.1/../../../../arm-none-eabi/lib/armv6-m\libc.a(lib_a-locale.o)
                0x080092a8                __locale_mb_cur_max
 .text._localeconv_r
                0x080092b4        0x8 c:/ac6/systemworkbench/plugins/fr.ac6.mcu.externaltools.arm-none.win32_1.11.0.201610101338/tools/gcc-arm-none-eabi-5_4-2016q2-20160622-win32/bin/../lib/gcc/arm-none-eabi/5.4.1/../../../../arm-none-eabi/lib/armv6-m\libc.a(lib_a-locale.o)
                0x080092b4                _localeconv_r
 .text._malloc_r
                0x080092bc      0x554 c:/ac6/systemworkbench/plugins/fr.ac6.mcu.externaltools.arm-none.win32_1.11.0.201610101338/tools/gcc-arm-none-eabi-5_4-2016q2-20160622-win32/bin/../lib/gcc/arm-none-eabi/5.4.1/../../../../arm-none-eabi/lib/armv6-m\libc.a(lib_a-mallocr.o)
                0x080092bc                _malloc_r
 .text._mbrtowc_r
                0x08009810       0x64 c:/ac6/systemworkbench/plugins/fr.ac6.mcu.externaltools.arm-none.win32_1.11.0.201610101338/tools/gcc-arm-none-eabi-5_4-2016q2-20160622-win32/bin/../lib/gcc/arm-none-eabi/5.4.1/../../../../arm-none-eabi/lib/armv6-m\libc.a(lib_a-mbrtowc.o)
                0x08009810                _mbrtowc_r
 .text.__ascii_mbtowc
                0x08009874       0x2c c:/ac6/systemworkbench/plugins/fr.ac6.mcu.externaltools.arm-none.win32_1.11.0.201610101338/tools/gcc-arm-none-eabi-5_4-2016q2-20160622-win32/bin/../lib/gcc/arm-none-eabi/5.4.1/../../../../arm-none-eabi/lib/armv6-m\libc.a(lib_a-mbtowc_r.o)
                0x08009874                __ascii_mbtowc
 .text.memchr   0x080098a0       0x90 c:/ac6/systemworkbench/plugins/fr.ac6.mcu.externaltools.arm-none.win32_1.11.0.201610101338/tools/gcc-arm-none-eabi-5_4-2016q2-20160622-win32/bin/../lib/gcc/arm-none-eabi/5.4.1/../../../../arm-none-eabi/lib/armv6-m\libc.a(lib_a-memchr-stub.o)
                0x080098a0                memchr
 .text.memcpy   0x08009930       0x7c c:/ac6/systemworkbench/plugins/fr.ac6.mcu.externaltools.arm-none.win32_1.11.0.201610101338/tools/gcc-arm-none-eabi-5_4-2016q2-20160622-win32/bin/../lib/gcc/arm-none-eabi/5.4.1/../../../../arm-none-eabi/lib/armv6-m\libc.a(lib_a-memcpy-stub.o)
                0x08009930                memcpy
 .text.__malloc_lock
                0x080099ac        0x4 c:/ac6/systemworkbench/plugins/fr.ac6.mcu.externaltools.arm-none.win32_1.11.0.201610101338/tools/gcc-arm-none-eabi-5_4-2016q2-20160622-win32/bin/../lib/gcc/arm-none-eabi/5.4.1/../../../../arm-none-eabi/lib/armv6-m\libc.a(lib_a-mlock.o)
                0x080099ac                __malloc_lock
 .text.__malloc_unlock
                0x080099b0        0x4 c:/ac6/systemworkbench/plugins/fr.ac6.mcu.externaltools.arm-none.win32_1.11.0.201610101338/tools/gcc-arm-none-eabi-5_4-2016q2-20160622-win32/bin/../lib/gcc/arm-none-eabi/5.4.1/../../../../arm-none-eabi/lib/armv6-m\libc.a(lib_a-mlock.o)
                0x080099b0                __malloc_unlock
 .text._Balloc  0x080099b4       0x50 c:/ac6/systemworkbench/plugins/fr.ac6.mcu.externaltools.arm-none.win32_1.11.0.201610101338/tools/gcc-arm-none-eabi-5_4-2016q2-20160622-win32/bin/../lib/gcc/arm-none-eabi/5.4.1/../../../../arm-none-eabi/lib/armv6-m\libc.a(lib_a-mprec.o)
                0x080099b4                _Balloc
 .text._Bfree   0x08009a04       0x14 c:/ac6/systemworkbench/plugins/fr.ac6.mcu.externaltools.arm-none.win32_1.11.0.201610101338/tools/gcc-arm-none-eabi-5_4-2016q2-20160622-win32/bin/../lib/gcc/arm-none-eabi/5.4.1/../../../../arm-none-eabi/lib/armv6-m\libc.a(lib_a-mprec.o)
                0x08009a04                _Bfree
 .text.__multadd
                0x08009a18       0x8c c:/ac6/systemworkbench/plugins/fr.ac6.mcu.externaltools.arm-none.win32_1.11.0.201610101338/tools/gcc-arm-none-eabi-5_4-2016q2-20160622-win32/bin/../lib/gcc/arm-none-eabi/5.4.1/../../../../arm-none-eabi/lib/armv6-m\libc.a(lib_a-mprec.o)
                0x08009a18                __multadd
 .text.__s2b    0x08009aa4       0x90 c:/ac6/systemworkbench/plugins/fr.ac6.mcu.externaltools.arm-none.win32_1.11.0.201610101338/tools/gcc-arm-none-eabi-5_4-2016q2-20160622-win32/bin/../lib/gcc/arm-none-eabi/5.4.1/../../../../arm-none-eabi/lib/armv6-m\libc.a(lib_a-mprec.o)
                0x08009aa4                __s2b
 .text.__hi0bits
                0x08009b34       0x3c c:/ac6/systemworkbench/plugins/fr.ac6.mcu.externaltools.arm-none.win32_1.11.0.201610101338/tools/gcc-arm-none-eabi-5_4-2016q2-20160622-win32/bin/../lib/gcc/arm-none-eabi/5.4.1/../../../../arm-none-eabi/lib/armv6-m\libc.a(lib_a-mprec.o)
                0x08009b34                __hi0bits
 .text.__lo0bits
                0x08009b70       0x5c c:/ac6/systemworkbench/plugins/fr.ac6.mcu.externaltools.arm-none.win32_1.11.0.201610101338/tools/gcc-arm-none-eabi-5_4-2016q2-20160622-win32/bin/../lib/gcc/arm-none-eabi/5.4.1/../../../../arm-none-eabi/lib/armv6-m\libc.a(lib_a-mprec.o)
                0x08009b70                __lo0bits
 .text.__i2b    0x08009bcc       0x14 c:/ac6/systemworkbench/plugins/fr.ac6.mcu.externaltools.arm-none.win32_1.11.0.201610101338/tools/gcc-arm-none-eabi-5_4-2016q2-20160622-win32/bin/../lib/gcc/arm-none-eabi/5.4.1/../../../../arm-none-eabi/lib/armv6-m\libc.a(lib_a-mprec.o)
                0x08009bcc                __i2b
 .text.__multiply
                0x08009be0      0x15c c:/ac6/systemworkbench/plugins/fr.ac6.mcu.externaltools.arm-none.win32_1.11.0.201610101338/tools/gcc-arm-none-eabi-5_4-2016q2-20160622-win32/bin/../lib/gcc/arm-none-eabi/5.4.1/../../../../arm-none-eabi/lib/armv6-m\libc.a(lib_a-mprec.o)
                0x08009be0                __multiply
 .text.__pow5mult
                0x08009d3c       0xbc c:/ac6/systemworkbench/plugins/fr.ac6.mcu.externaltools.arm-none.win32_1.11.0.201610101338/tools/gcc-arm-none-eabi-5_4-2016q2-20160622-win32/bin/../lib/gcc/arm-none-eabi/5.4.1/../../../../arm-none-eabi/lib/armv6-m\libc.a(lib_a-mprec.o)
                0x08009d3c                __pow5mult
 .text.__lshift
                0x08009df8       0xc0 c:/ac6/systemworkbench/plugins/fr.ac6.mcu.externaltools.arm-none.win32_1.11.0.201610101338/tools/gcc-arm-none-eabi-5_4-2016q2-20160622-win32/bin/../lib/gcc/arm-none-eabi/5.4.1/../../../../arm-none-eabi/lib/armv6-m\libc.a(lib_a-mprec.o)
                0x08009df8                __lshift
 .text.__mcmp   0x08009eb8       0x3c c:/ac6/systemworkbench/plugins/fr.ac6.mcu.externaltools.arm-none.win32_1.11.0.201610101338/tools/gcc-arm-none-eabi-5_4-2016q2-20160622-win32/bin/../lib/gcc/arm-none-eabi/5.4.1/../../../../arm-none-eabi/lib/armv6-m\libc.a(lib_a-mprec.o)
                0x08009eb8                __mcmp
 .text.__mdiff  0x08009ef4      0x11c c:/ac6/systemworkbench/plugins/fr.ac6.mcu.externaltools.arm-none.win32_1.11.0.201610101338/tools/gcc-arm-none-eabi-5_4-2016q2-20160622-win32/bin/../lib/gcc/arm-none-eabi/5.4.1/../../../../arm-none-eabi/lib/armv6-m\libc.a(lib_a-mprec.o)
                0x08009ef4                __mdiff
 .text.__ulp    0x0800a010       0x4c c:/ac6/systemworkbench/plugins/fr.ac6.mcu.externaltools.arm-none.win32_1.11.0.201610101338/tools/gcc-arm-none-eabi-5_4-2016q2-20160622-win32/bin/../lib/gcc/arm-none-eabi/5.4.1/../../../../arm-none-eabi/lib/armv6-m\libc.a(lib_a-mprec.o)
                0x0800a010                __ulp
 .text.__b2d    0x0800a05c       0xd8 c:/ac6/systemworkbench/plugins/fr.ac6.mcu.externaltools.arm-none.win32_1.11.0.201610101338/tools/gcc-arm-none-eabi-5_4-2016q2-20160622-win32/bin/../lib/gcc/arm-none-eabi/5.4.1/../../../../arm-none-eabi/lib/armv6-m\libc.a(lib_a-mprec.o)
                0x0800a05c                __b2d
 .text.__d2b    0x0800a134       0xbc c:/ac6/systemworkbench/plugins/fr.ac6.mcu.externaltools.arm-none.win32_1.11.0.201610101338/tools/gcc-arm-none-eabi-5_4-2016q2-20160622-win32/bin/../lib/gcc/arm-none-eabi/5.4.1/../../../../arm-none-eabi/lib/armv6-m\libc.a(lib_a-mprec.o)
                0x0800a134                __d2b
 .text.__ratio  0x0800a1f0       0x74 c:/ac6/systemworkbench/plugins/fr.ac6.mcu.externaltools.arm-none.win32_1.11.0.201610101338/tools/gcc-arm-none-eabi-5_4-2016q2-20160622-win32/bin/../lib/gcc/arm-none-eabi/5.4.1/../../../../arm-none-eabi/lib/armv6-m\libc.a(lib_a-mprec.o)
                0x0800a1f0                __ratio
 .text.__copybits
                0x0800a264       0x40 c:/ac6/systemworkbench/plugins/fr.ac6.mcu.externaltools.arm-none.win32_1.11.0.201610101338/tools/gcc-arm-none-eabi-5_4-2016q2-20160622-win32/bin/../lib/gcc/arm-none-eabi/5.4.1/../../../../arm-none-eabi/lib/armv6-m\libc.a(lib_a-mprec.o)
                0x0800a264                __copybits
 .text.__any_on
                0x0800a2a4       0x60 c:/ac6/systemworkbench/plugins/fr.ac6.mcu.externaltools.arm-none.win32_1.11.0.201610101338/tools/gcc-arm-none-eabi-5_4-2016q2-20160622-win32/bin/../lib/gcc/arm-none-eabi/5.4.1/../../../../arm-none-eabi/lib/armv6-m\libc.a(lib_a-mprec.o)
                0x0800a2a4                __any_on
 .text._sbrk_r  0x0800a304       0x24 c:/ac6/systemworkbench/plugins/fr.ac6.mcu.externaltools.arm-none.win32_1.11.0.201610101338/tools/gcc-arm-none-eabi-5_4-2016q2-20160622-win32/bin/../lib/gcc/arm-none-eabi/5.4.1/../../../../arm-none-eabi/lib/armv6-m\libc.a(lib_a-sbrkr.o)
                0x0800a304                _sbrk_r
 .text.__sccl   0x0800a328       0x70 c:/ac6/systemworkbench/plugins/fr.ac6.mcu.externaltools.arm-none.win32_1.11.0.201610101338/tools/gcc-arm-none-eabi-5_4-2016q2-20160622-win32/bin/../lib/gcc/arm-none-eabi/5.4.1/../../../../arm-none-eabi/lib/armv6-m\libc.a(lib_a-sccl.o)
                0x0800a328                __sccl
 .text.nanf     0x0800a398        0x8 c:/ac6/systemworkbench/plugins/fr.ac6.mcu.externaltools.arm-none.win32_1.11.0.201610101338/tools/gcc-arm-none-eabi-5_4-2016q2-20160622-win32/bin/../lib/gcc/arm-none-eabi/5.4.1/../../../../arm-none-eabi/lib/armv6-m\libc.a(lib_a-sf_nan.o)
                0x0800a398                nanf
 .text.unlikely.sulp
                0x0800a3a0       0x30 c:/ac6/systemworkbench/plugins/fr.ac6.mcu.externaltools.arm-none.win32_1.11.0.201610101338/tools/gcc-arm-none-eabi-5_4-2016q2-20160622-win32/bin/../lib/gcc/arm-none-eabi/5.4.1/../../../../arm-none-eabi/lib/armv6-m\libc.a(lib_a-strtod.o)
 .text._strtod_r
                0x0800a3d0      0xea4 c:/ac6/systemworkbench/plugins/fr.ac6.mcu.externaltools.arm-none.win32_1.11.0.201610101338/tools/gcc-arm-none-eabi-5_4-2016q2-20160622-win32/bin/../lib/gcc/arm-none-eabi/5.4.1/../../../../arm-none-eabi/lib/armv6-m\libc.a(lib_a-strtod.o)
                0x0800a3d0                _strtod_r
 .text._strtoll_r
                0x0800b274      0x1d4 c:/ac6/systemworkbench/plugins/fr.ac6.mcu.externaltools.arm-none.win32_1.11.0.201610101338/tools/gcc-arm-none-eabi-5_4-2016q2-20160622-win32/bin/../lib/gcc/arm-none-eabi/5.4.1/../../../../arm-none-eabi/lib/armv6-m\libc.a(lib_a-strtoll_r.o)
                0x0800b274                _strtoll_r
 .text._strtoul_r
                0x0800b448      0x190 c:/ac6/systemworkbench/plugins/fr.ac6.mcu.externaltools.arm-none.win32_1.11.0.201610101338/tools/gcc-arm-none-eabi-5_4-2016q2-20160622-win32/bin/../lib/gcc/arm-none-eabi/5.4.1/../../../../arm-none-eabi/lib/armv6-m\libc.a(lib_a-strtoul.o)
                0x0800b448                _strtoul_r
 .text._strtoull_r
                0x0800b5d8      0x1e0 c:/ac6/systemworkbench/plugins/fr.ac6.mcu.externaltools.arm-none.win32_1.11.0.201610101338/tools/gcc-arm-none-eabi-5_4-2016q2-20160622-win32/bin/../lib/gcc/arm-none-eabi/5.4.1/../../../../arm-none-eabi/lib/armv6-m\libc.a(lib_a-strtoull_r.o)
                0x0800b5d8                _strtoull_r
 .text.__ssprint_r
                0x0800b7b8      0x130 c:/ac6/systemworkbench/plugins/fr.ac6.mcu.externaltools.arm-none.win32_1.11.0.201610101338/tools/gcc-arm-none-eabi-5_4-2016q2-20160622-win32/bin/../lib/gcc/arm-none-eabi/5.4.1/../../../../arm-none-eabi/lib/armv6-m\libc.a(lib_a-svfiprintf.o)
                0x0800b7b8                __ssprint_r
 .text._sungetc_r
                0x0800b8e8       0x88 c:/ac6/systemworkbench/plugins/fr.ac6.mcu.externaltools.arm-none.win32_1.11.0.201610101338/tools/gcc-arm-none-eabi-5_4-2016q2-20160622-win32/bin/../lib/gcc/arm-none-eabi/5.4.1/../../../../arm-none-eabi/lib/armv6-m\libc.a(lib_a-svfiscanf.o)
                0x0800b8e8                _sungetc_r
 .text.__ssrefill_r
                0x0800b970       0x40 c:/ac6/systemworkbench/plugins/fr.ac6.mcu.externaltools.arm-none.win32_1.11.0.201610101338/tools/gcc-arm-none-eabi-5_4-2016q2-20160622-win32/bin/../lib/gcc/arm-none-eabi/5.4.1/../../../../arm-none-eabi/lib/armv6-m\libc.a(lib_a-svfiscanf.o)
                0x0800b970                __ssrefill_r
 .text._sfread_r
                0x0800b9b0       0x8c c:/ac6/systemworkbench/plugins/fr.ac6.mcu.externaltools.arm-none.win32_1.11.0.201610101338/tools/gcc-arm-none-eabi-5_4-2016q2-20160622-win32/bin/../lib/gcc/arm-none-eabi/5.4.1/../../../../arm-none-eabi/lib/armv6-m\libc.a(lib_a-svfiscanf.o)
                0x0800b9b0                _sfread_r
 .text.__submore
                0x0800ba3c       0x84 c:/ac6/systemworkbench/plugins/fr.ac6.mcu.externaltools.arm-none.win32_1.11.0.201610101338/tools/gcc-arm-none-eabi-5_4-2016q2-20160622-win32/bin/../lib/gcc/arm-none-eabi/5.4.1/../../../../arm-none-eabi/lib/armv6-m\libc.a(lib_a-ungetc.o)
                0x0800ba3c                __submore
 .text.__register_exitproc
                0x0800bac0       0xd4 c:/ac6/systemworkbench/plugins/fr.ac6.mcu.externaltools.arm-none.win32_1.11.0.201610101338/tools/gcc-arm-none-eabi-5_4-2016q2-20160622-win32/bin/../lib/gcc/arm-none-eabi/5.4.1/../../../../arm-none-eabi/lib/armv6-m\libc.a(lib_a-__atexit.o)
                0x0800bac0                __register_exitproc
 .text._calloc_r
                0x0800bb94       0x60 c:/ac6/systemworkbench/plugins/fr.ac6.mcu.externaltools.arm-none.win32_1.11.0.201610101338/tools/gcc-arm-none-eabi-5_4-2016q2-20160622-win32/bin/../lib/gcc/arm-none-eabi/5.4.1/../../../../arm-none-eabi/lib/armv6-m\libc.a(lib_a-callocr.o)
                0x0800bb94                _calloc_r
 .text._malloc_trim_r
                0x0800bbf4       0xa0 c:/ac6/systemworkbench/plugins/fr.ac6.mcu.externaltools.arm-none.win32_1.11.0.201610101338/tools/gcc-arm-none-eabi-5_4-2016q2-20160622-win32/bin/../lib/gcc/arm-none-eabi/5.4.1/../../../../arm-none-eabi/lib/armv6-m\libc.a(lib_a-freer.o)
                0x0800bbf4                _malloc_trim_r
 .text._free_r  0x0800bc94      0x1c4 c:/ac6/systemworkbench/plugins/fr.ac6.mcu.externaltools.arm-none.win32_1.11.0.201610101338/tools/gcc-arm-none-eabi-5_4-2016q2-20160622-win32/bin/../lib/gcc/arm-none-eabi/5.4.1/../../../../arm-none-eabi/lib/armv6-m\libc.a(lib_a-freer.o)
                0x0800bc94                _free_r
 .text.rshift   0x0800be58       0xa4 c:/ac6/systemworkbench/plugins/fr.ac6.mcu.externaltools.arm-none.win32_1.11.0.201610101338/tools/gcc-arm-none-eabi-5_4-2016q2-20160622-win32/bin/../lib/gcc/arm-none-eabi/5.4.1/../../../../arm-none-eabi/lib/armv6-m\libc.a(lib_a-gdtoa-gethex.o)
 .text.__gethex
                0x0800befc      0x528 c:/ac6/systemworkbench/plugins/fr.ac6.mcu.externaltools.arm-none.win32_1.11.0.201610101338/tools/gcc-arm-none-eabi-5_4-2016q2-20160622-win32/bin/../lib/gcc/arm-none-eabi/5.4.1/../../../../arm-none-eabi/lib/armv6-m\libc.a(lib_a-gdtoa-gethex.o)
                0x0800befc                __gethex
 .text.__match  0x0800c424       0x2c c:/ac6/systemworkbench/plugins/fr.ac6.mcu.externaltools.arm-none.win32_1.11.0.201610101338/tools/gcc-arm-none-eabi-5_4-2016q2-20160622-win32/bin/../lib/gcc/arm-none-eabi/5.4.1/../../../../arm-none-eabi/lib/armv6-m\libc.a(lib_a-gdtoa-hexnan.o)
                0x0800c424                __match
 .text.__hexnan
                0x0800c450      0x1a8 c:/ac6/systemworkbench/plugins/fr.ac6.mcu.externaltools.arm-none.win32_1.11.0.201610101338/tools/gcc-arm-none-eabi-5_4-2016q2-20160622-win32/bin/../lib/gcc/arm-none-eabi/5.4.1/../../../../arm-none-eabi/lib/armv6-m\libc.a(lib_a-gdtoa-hexnan.o)
                0x0800c450                __hexnan
 .text.memmove  0x0800c5f8       0x98 c:/ac6/systemworkbench/plugins/fr.ac6.mcu.externaltools.arm-none.win32_1.11.0.201610101338/tools/gcc-arm-none-eabi-5_4-2016q2-20160622-win32/bin/../lib/gcc/arm-none-eabi/5.4.1/../../../../arm-none-eabi/lib/armv6-m\libc.a(lib_a-memmove.o)
                0x0800c5f8                memmove
 .text._realloc_r
                0x0800c690      0x3dc c:/ac6/systemworkbench/plugins/fr.ac6.mcu.externaltools.arm-none.win32_1.11.0.201610101338/tools/gcc-arm-none-eabi-5_4-2016q2-20160622-win32/bin/../lib/gcc/arm-none-eabi/5.4.1/../../../../arm-none-eabi/lib/armv6-m\libc.a(lib_a-reallocr.o)
                0x0800c690                _realloc_r
 .text.ceil     0x0800ca6c      0x12c c:/ac6/systemworkbench/plugins/fr.ac6.mcu.externaltools.arm-none.win32_1.11.0.201610101338/tools/gcc-arm-none-eabi-5_4-2016q2-20160622-win32/bin/../lib/gcc/arm-none-eabi/5.4.1/../../../../arm-none-eabi/lib/armv6-m\libm.a(lib_a-s_ceil.o)
                0x0800ca6c                ceil
 *(.glue_7)
 .glue_7        0x0800cb98        0x0 linker stubs
 *(.glue_7t)
 .glue_7t       0x0800cb98        0x0 linker stubs
 *(.eh_frame)
 .eh_frame      0x0800cb98        0x0 c:/ac6/systemworkbench/plugins/fr.ac6.mcu.externaltools.arm-none.win32_1.11.0.201610101338/tools/gcc-arm-none-eabi-5_4-2016q2-20160622-win32/bin/../lib/gcc/arm-none-eabi/5.4.1/armv6-m/crtbegin.o
 *(.init)
 .init          0x0800cb98        0x4 c:/ac6/systemworkbench/plugins/fr.ac6.mcu.externaltools.arm-none.win32_1.11.0.201610101338/tools/gcc-arm-none-eabi-5_4-2016q2-20160622-win32/bin/../lib/gcc/arm-none-eabi/5.4.1/armv6-m/crti.o
                0x0800cb98                _init
 .init          0x0800cb9c        0x8 c:/ac6/systemworkbench/plugins/fr.ac6.mcu.externaltools.arm-none.win32_1.11.0.201610101338/tools/gcc-arm-none-eabi-5_4-2016q2-20160622-win32/bin/../lib/gcc/arm-none-eabi/5.4.1/armv6-m/crtn.o
 *(.fini)
 .fini          0x0800cba4        0x4 c:/ac6/systemworkbench/plugins/fr.ac6.mcu.externaltools.arm-none.win32_1.11.0.201610101338/tools/gcc-arm-none-eabi-5_4-2016q2-20160622-win32/bin/../lib/gcc/arm-none-eabi/5.4.1/armv6-m/crti.o
                0x0800cba4                _fini
 .fini          0x0800cba8        0x8 c:/ac6/systemworkbench/plugins/fr.ac6.mcu.externaltools.arm-none.win32_1.11.0.201610101338/tools/gcc-arm-none-eabi-5_4-2016q2-20160622-win32/bin/../lib/gcc/arm-none-eabi/5.4.1/armv6-m/crtn.o
                0x0800cbb0                . = ALIGN (0x4)
                0x0800cbb0                _etext = .

.vfp11_veneer   0x0800cbb0        0x0
 .vfp11_veneer  0x0800cbb0        0x0 linker stubs

.v4_bx          0x0800cbb0        0x0
 .v4_bx         0x0800cbb0        0x0 linker stubs

.iplt           0x0800cbb0        0x0
 .iplt          0x0800cbb0        0x0 c:/ac6/systemworkbench/plugins/fr.ac6.mcu.externaltools.arm-none.win32_1.11.0.201610101338/tools/gcc-arm-none-eabi-5_4-2016q2-20160622-win32/bin/../lib/gcc/arm-none-eabi/5.4.1/armv6-m/crtbegin.o

.rodata         0x0800cbb0     0x14e0
                0x0800cbb0                . = ALIGN (0x4)
 *(.rodata)
 .rodata        0x0800cbb0      0x8d7 src/main.o
 *fill*         0x0800d487        0x1 
 .rodata        0x0800d488       0x1e src/usart_timer.o
 *fill*         0x0800d4a6        0x2 
 .rodata        0x0800d4a8       0x80 c:/ac6/systemworkbench/plugins/fr.ac6.mcu.externaltools.arm-none.win32_1.11.0.201610101338/tools/gcc-arm-none-eabi-5_4-2016q2-20160622-win32/bin/../lib/gcc/arm-none-eabi/5.4.1/armv6-m\libgcc.a(divsf3.o)
 .rodata        0x0800d528       0x40 c:/ac6/systemworkbench/plugins/fr.ac6.mcu.externaltools.arm-none.win32_1.11.0.201610101338/tools/gcc-arm-none-eabi-5_4-2016q2-20160622-win32/bin/../lib/gcc/arm-none-eabi/5.4.1/armv6-m\libgcc.a(mulsf3.o)
 .rodata        0x0800d568       0x40 c:/ac6/systemworkbench/plugins/fr.ac6.mcu.externaltools.arm-none.win32_1.11.0.201610101338/tools/gcc-arm-none-eabi-5_4-2016q2-20160622-win32/bin/../lib/gcc/arm-none-eabi/5.4.1/armv6-m\libgcc.a(divdf3.o)
 .rodata        0x0800d5a8       0x40 c:/ac6/systemworkbench/plugins/fr.ac6.mcu.externaltools.arm-none.win32_1.11.0.201610101338/tools/gcc-arm-none-eabi-5_4-2016q2-20160622-win32/bin/../lib/gcc/arm-none-eabi/5.4.1/armv6-m\libgcc.a(muldf3.o)
 *(.rodata*)
 .rodata._ctype_
                0x0800d5e8      0x101 c:/ac6/systemworkbench/plugins/fr.ac6.mcu.externaltools.arm-none.win32_1.11.0.201610101338/tools/gcc-arm-none-eabi-5_4-2016q2-20160622-win32/bin/../lib/gcc/arm-none-eabi/5.4.1/../../../../arm-none-eabi/lib/armv6-m\libc.a(lib_a-ctype_.o)
                0x0800d5e8                _ctype_
 *fill*         0x0800d6e9        0x3 
 .rodata.str1.4
                0x0800d6ec        0x2 c:/ac6/systemworkbench/plugins/fr.ac6.mcu.externaltools.arm-none.win32_1.11.0.201610101338/tools/gcc-arm-none-eabi-5_4-2016q2-20160622-win32/bin/../lib/gcc/arm-none-eabi/5.4.1/../../../../arm-none-eabi/lib/armv6-m\libc.a(lib_a-impure.o)
 *fill*         0x0800d6ee        0x2 
 .rodata._global_impure_ptr
                0x0800d6f0        0x4 c:/ac6/systemworkbench/plugins/fr.ac6.mcu.externaltools.arm-none.win32_1.11.0.201610101338/tools/gcc-arm-none-eabi-5_4-2016q2-20160622-win32/bin/../lib/gcc/arm-none-eabi/5.4.1/../../../../arm-none-eabi/lib/armv6-m\libc.a(lib_a-impure.o)
                0x0800d6f0                _global_impure_ptr
 .rodata._svfprintf_r
                0x0800d6f4      0x164 c:/ac6/systemworkbench/plugins/fr.ac6.mcu.externaltools.arm-none.win32_1.11.0.201610101338/tools/gcc-arm-none-eabi-5_4-2016q2-20160622-win32/bin/../lib/gcc/arm-none-eabi/5.4.1/../../../../arm-none-eabi/lib/armv6-m\libc.a(lib_a-svfprintf.o)
 .rodata.blanks.7055
                0x0800d858       0x10 c:/ac6/systemworkbench/plugins/fr.ac6.mcu.externaltools.arm-none.win32_1.11.0.201610101338/tools/gcc-arm-none-eabi-5_4-2016q2-20160622-win32/bin/../lib/gcc/arm-none-eabi/5.4.1/../../../../arm-none-eabi/lib/armv6-m\libc.a(lib_a-svfprintf.o)
 .rodata.str1.4
                0x0800d868       0x42 c:/ac6/systemworkbench/plugins/fr.ac6.mcu.externaltools.arm-none.win32_1.11.0.201610101338/tools/gcc-arm-none-eabi-5_4-2016q2-20160622-win32/bin/../lib/gcc/arm-none-eabi/5.4.1/../../../../arm-none-eabi/lib/armv6-m\libc.a(lib_a-svfprintf.o)
 *fill*         0x0800d8aa        0x2 
 .rodata.zeroes.7056
                0x0800d8ac       0x10 c:/ac6/systemworkbench/plugins/fr.ac6.mcu.externaltools.arm-none.win32_1.11.0.201610101338/tools/gcc-arm-none-eabi-5_4-2016q2-20160622-win32/bin/../lib/gcc/arm-none-eabi/5.4.1/../../../../arm-none-eabi/lib/armv6-m\libc.a(lib_a-svfprintf.o)
 .rodata.__ssvfscanf_r
                0x0800d8bc      0x458 c:/ac6/systemworkbench/plugins/fr.ac6.mcu.externaltools.arm-none.win32_1.11.0.201610101338/tools/gcc-arm-none-eabi-5_4-2016q2-20160622-win32/bin/../lib/gcc/arm-none-eabi/5.4.1/../../../../arm-none-eabi/lib/armv6-m\libc.a(lib_a-svfscanf.o)
 .rodata.str1.4
                0x0800dd14        0x5 c:/ac6/systemworkbench/plugins/fr.ac6.mcu.externaltools.arm-none.win32_1.11.0.201610101338/tools/gcc-arm-none-eabi-5_4-2016q2-20160622-win32/bin/../lib/gcc/arm-none-eabi/5.4.1/../../../../arm-none-eabi/lib/armv6-m\libc.a(lib_a-svfscanf.o)
 *fill*         0x0800dd19        0x3 
 .rodata.basefix.7019
                0x0800dd1c       0x22 c:/ac6/systemworkbench/plugins/fr.ac6.mcu.externaltools.arm-none.win32_1.11.0.201610101338/tools/gcc-arm-none-eabi-5_4-2016q2-20160622-win32/bin/../lib/gcc/arm-none-eabi/5.4.1/../../../../arm-none-eabi/lib/armv6-m\libc.a(lib_a-svfscanf.o)
 *fill*         0x0800dd3e        0x2 
 .rodata.str1.4
                0x0800dd40       0x10 c:/ac6/systemworkbench/plugins/fr.ac6.mcu.externaltools.arm-none.win32_1.11.0.201610101338/tools/gcc-arm-none-eabi-5_4-2016q2-20160622-win32/bin/../lib/gcc/arm-none-eabi/5.4.1/../../../../arm-none-eabi/lib/armv6-m\libc.a(lib_a-dtoa.o)
                                 0x12 (size before relaxing)
 .rodata.str1.4
                0x0800dd50        0xa c:/ac6/systemworkbench/plugins/fr.ac6.mcu.externaltools.arm-none.win32_1.11.0.201610101338/tools/gcc-arm-none-eabi-5_4-2016q2-20160622-win32/bin/../lib/gcc/arm-none-eabi/5.4.1/../../../../arm-none-eabi/lib/armv6-m\libc.a(lib_a-locale.o)
                                 0x12 (size before relaxing)
 .rodata.str1.4
                0x0800dd5a        0x1 c:/ac6/systemworkbench/plugins/fr.ac6.mcu.externaltools.arm-none.win32_1.11.0.201610101338/tools/gcc-arm-none-eabi-5_4-2016q2-20160622-win32/bin/../lib/gcc/arm-none-eabi/5.4.1/../../../../arm-none-eabi/lib/armv6-m\libc.a(lib_a-mbrtowc.o)
 *fill*         0x0800dd5a        0x6 
 .rodata.__mprec_tens
                0x0800dd60       0xc8 c:/ac6/systemworkbench/plugins/fr.ac6.mcu.externaltools.arm-none.win32_1.11.0.201610101338/tools/gcc-arm-none-eabi-5_4-2016q2-20160622-win32/bin/../lib/gcc/arm-none-eabi/5.4.1/../../../../arm-none-eabi/lib/armv6-m\libc.a(lib_a-mprec.o)
                0x0800dd60                __mprec_tens
 .rodata.__mprec_bigtens
                0x0800de28       0x28 c:/ac6/systemworkbench/plugins/fr.ac6.mcu.externaltools.arm-none.win32_1.11.0.201610101338/tools/gcc-arm-none-eabi-5_4-2016q2-20160622-win32/bin/../lib/gcc/arm-none-eabi/5.4.1/../../../../arm-none-eabi/lib/armv6-m\libc.a(lib_a-mprec.o)
                0x0800de28                __mprec_bigtens
 .rodata.p05.5396
                0x0800de50        0xc c:/ac6/systemworkbench/plugins/fr.ac6.mcu.externaltools.arm-none.win32_1.11.0.201610101338/tools/gcc-arm-none-eabi-5_4-2016q2-20160622-win32/bin/../lib/gcc/arm-none-eabi/5.4.1/../../../../arm-none-eabi/lib/armv6-m\libc.a(lib_a-mprec.o)
 .rodata._strtod_r
                0x0800de5c       0xd4 c:/ac6/systemworkbench/plugins/fr.ac6.mcu.externaltools.arm-none.win32_1.11.0.201610101338/tools/gcc-arm-none-eabi-5_4-2016q2-20160622-win32/bin/../lib/gcc/arm-none-eabi/5.4.1/../../../../arm-none-eabi/lib/armv6-m\libc.a(lib_a-strtod.o)
 .rodata.tinytens
                0x0800df30       0x28 c:/ac6/systemworkbench/plugins/fr.ac6.mcu.externaltools.arm-none.win32_1.11.0.201610101338/tools/gcc-arm-none-eabi-5_4-2016q2-20160622-win32/bin/../lib/gcc/arm-none-eabi/5.4.1/../../../../arm-none-eabi/lib/armv6-m\libc.a(lib_a-strtod.o)
 .rodata.fpi.5357
                0x0800df58       0x14 c:/ac6/systemworkbench/plugins/fr.ac6.mcu.externaltools.arm-none.win32_1.11.0.201610101338/tools/gcc-arm-none-eabi-5_4-2016q2-20160622-win32/bin/../lib/gcc/arm-none-eabi/5.4.1/../../../../arm-none-eabi/lib/armv6-m\libc.a(lib_a-strtod.o)
 .rodata.str1.4
                0x0800df6c       0x10 c:/ac6/systemworkbench/plugins/fr.ac6.mcu.externaltools.arm-none.win32_1.11.0.201610101338/tools/gcc-arm-none-eabi-5_4-2016q2-20160622-win32/bin/../lib/gcc/arm-none-eabi/5.4.1/../../../../arm-none-eabi/lib/armv6-m\libc.a(lib_a-strtod.o)
                                  0xf (size before relaxing)
 .rodata.fpinan.5393
                0x0800df7c       0x14 c:/ac6/systemworkbench/plugins/fr.ac6.mcu.externaltools.arm-none.win32_1.11.0.201610101338/tools/gcc-arm-none-eabi-5_4-2016q2-20160622-win32/bin/../lib/gcc/arm-none-eabi/5.4.1/../../../../arm-none-eabi/lib/armv6-m\libc.a(lib_a-strtod.o)
 .rodata.__hexdig
                0x0800df90      0x100 c:/ac6/systemworkbench/plugins/fr.ac6.mcu.externaltools.arm-none.win32_1.11.0.201610101338/tools/gcc-arm-none-eabi-5_4-2016q2-20160622-win32/bin/../lib/gcc/arm-none-eabi/5.4.1/../../../../arm-none-eabi/lib/armv6-m\libc.a(lib_a-gdtoa-gethex.o)
                0x0800df90                __hexdig
                0x0800e090                . = ALIGN (0x4)

.ARM.extab
 *(.ARM.extab* .gnu.linkonce.armextab.*)

.ARM            0x0800e090        0x8
                0x0800e090                __exidx_start = .
 *(.ARM.exidx*)
 .ARM.exidx     0x0800e090        0x8 c:/ac6/systemworkbench/plugins/fr.ac6.mcu.externaltools.arm-none.win32_1.11.0.201610101338/tools/gcc-arm-none-eabi-5_4-2016q2-20160622-win32/bin/../lib/gcc/arm-none-eabi/5.4.1/armv6-m\libgcc.a(_udivmoddi4.o)
                0x0800e098                __exidx_end = .

.rel.dyn        0x0800e098        0x0
 .rel.iplt      0x0800e098        0x0 c:/ac6/systemworkbench/plugins/fr.ac6.mcu.externaltools.arm-none.win32_1.11.0.201610101338/tools/gcc-arm-none-eabi-5_4-2016q2-20160622-win32/bin/../lib/gcc/arm-none-eabi/5.4.1/armv6-m/crtbegin.o

.preinit_array  0x0800e098        0x0
                0x0800e098                PROVIDE (__preinit_array_start, .)
 *(.preinit_array*)
                0x0800e098                PROVIDE (__preinit_array_end, .)

.init_array     0x0800e098        0x8
                0x0800e098                PROVIDE (__init_array_start, .)
 *(SORT(.init_array.*))
 .init_array.00000
                0x0800e098        0x4 c:/ac6/systemworkbench/plugins/fr.ac6.mcu.externaltools.arm-none.win32_1.11.0.201610101338/tools/gcc-arm-none-eabi-5_4-2016q2-20160622-win32/bin/../lib/gcc/arm-none-eabi/5.4.1/../../../../arm-none-eabi/lib/armv6-m\libc.a(lib_a-__call_atexit.o)
 *(.init_array*)
 .init_array    0x0800e09c        0x4 c:/ac6/systemworkbench/plugins/fr.ac6.mcu.externaltools.arm-none.win32_1.11.0.201610101338/tools/gcc-arm-none-eabi-5_4-2016q2-20160622-win32/bin/../lib/gcc/arm-none-eabi/5.4.1/armv6-m/crtbegin.o
                0x0800e0a0                PROVIDE (__init_array_end, .)

.fini_array     0x0800e0a0        0x4
                0x0800e0a0                PROVIDE (__fini_array_start, .)
 *(SORT(.fini_array.*))
 *(.fini_array*)
 .fini_array    0x0800e0a0        0x4 c:/ac6/systemworkbench/plugins/fr.ac6.mcu.externaltools.arm-none.win32_1.11.0.201610101338/tools/gcc-arm-none-eabi-5_4-2016q2-20160622-win32/bin/../lib/gcc/arm-none-eabi/5.4.1/armv6-m/crtbegin.o
                0x0800e0a4                PROVIDE (__fini_array_end, .)
                0x0800e0a4                _sidata = LOADADDR (.data)

.data           0x20000000      0x8fc load address 0x0800e0a4
                0x20000000                . = ALIGN (0x4)
                0x20000000                _sdata = .
 *(.data)
 .data          0x20000000       0x34 src/main.o
                0x20000000                stepsX
                0x20000004                vXMin
                0x20000008                vXMax
                0x2000000c                accelXTime
                0x20000010                decelXTime
                0x20000014                currentXSpeed
                0x20000018                stepAxisX
                0x2000001c                stepsY
                0x20000020                vYMin
                0x20000024                vYMax
                0x20000028                accelYTime
                0x2000002c                decelYTime
                0x20000030                stepAxisY
 .data          0x20000034       0x14 src/system_stm32f0xx.o
                0x20000034                SystemCoreClock
                0x20000038                AHBPrescTable
 .data          0x20000048       0x10 StdPeriph_Driver/src/stm32f0xx_rcc.o
 *(.data*)
 .data.__ctype_ptr__
                0x20000058        0x4 c:/ac6/systemworkbench/plugins/fr.ac6.mcu.externaltools.arm-none.win32_1.11.0.201610101338/tools/gcc-arm-none-eabi-5_4-2016q2-20160622-win32/bin/../lib/gcc/arm-none-eabi/5.4.1/../../../../arm-none-eabi/lib/armv6-m\libc.a(lib_a-ctype_.o)
                0x20000058                __ctype_ptr__
 *fill*         0x2000005c        0x4 
 .data.impure_data
                0x20000060      0x428 c:/ac6/systemworkbench/plugins/fr.ac6.mcu.externaltools.arm-none.win32_1.11.0.201610101338/tools/gcc-arm-none-eabi-5_4-2016q2-20160622-win32/bin/../lib/gcc/arm-none-eabi/5.4.1/../../../../arm-none-eabi/lib/armv6-m\libc.a(lib_a-impure.o)
 .data._impure_ptr
                0x20000488        0x4 c:/ac6/systemworkbench/plugins/fr.ac6.mcu.externaltools.arm-none.win32_1.11.0.201610101338/tools/gcc-arm-none-eabi-5_4-2016q2-20160622-win32/bin/../lib/gcc/arm-none-eabi/5.4.1/../../../../arm-none-eabi/lib/armv6-m\libc.a(lib_a-impure.o)
                0x20000488                _impure_ptr
 .data.lconv    0x2000048c       0x38 c:/ac6/systemworkbench/plugins/fr.ac6.mcu.externaltools.arm-none.win32_1.11.0.201610101338/tools/gcc-arm-none-eabi-5_4-2016q2-20160622-win32/bin/../lib/gcc/arm-none-eabi/5.4.1/../../../../arm-none-eabi/lib/armv6-m\libc.a(lib_a-locale.o)
 .data.lc_ctype_charset
                0x200004c4       0x20 c:/ac6/systemworkbench/plugins/fr.ac6.mcu.externaltools.arm-none.win32_1.11.0.201610101338/tools/gcc-arm-none-eabi-5_4-2016q2-20160622-win32/bin/../lib/gcc/arm-none-eabi/5.4.1/../../../../arm-none-eabi/lib/armv6-m\libc.a(lib_a-locale.o)
 .data.__mb_cur_max
                0x200004e4        0x4 c:/ac6/systemworkbench/plugins/fr.ac6.mcu.externaltools.arm-none.win32_1.11.0.201610101338/tools/gcc-arm-none-eabi-5_4-2016q2-20160622-win32/bin/../lib/gcc/arm-none-eabi/5.4.1/../../../../arm-none-eabi/lib/armv6-m\libc.a(lib_a-locale.o)
                0x200004e4                __mb_cur_max
 .data.__malloc_av_
                0x200004e8      0x408 c:/ac6/systemworkbench/plugins/fr.ac6.mcu.externaltools.arm-none.win32_1.11.0.201610101338/tools/gcc-arm-none-eabi-5_4-2016q2-20160622-win32/bin/../lib/gcc/arm-none-eabi/5.4.1/../../../../arm-none-eabi/lib/armv6-m\libc.a(lib_a-mallocr.o)
                0x200004e8                __malloc_av_
 .data.__malloc_trim_threshold
                0x200008f0        0x4 c:/ac6/systemworkbench/plugins/fr.ac6.mcu.externaltools.arm-none.win32_1.11.0.201610101338/tools/gcc-arm-none-eabi-5_4-2016q2-20160622-win32/bin/../lib/gcc/arm-none-eabi/5.4.1/../../../../arm-none-eabi/lib/armv6-m\libc.a(lib_a-mallocr.o)
                0x200008f0                __malloc_trim_threshold
 .data.__malloc_sbrk_base
                0x200008f4        0x4 c:/ac6/systemworkbench/plugins/fr.ac6.mcu.externaltools.arm-none.win32_1.11.0.201610101338/tools/gcc-arm-none-eabi-5_4-2016q2-20160622-win32/bin/../lib/gcc/arm-none-eabi/5.4.1/../../../../arm-none-eabi/lib/armv6-m\libc.a(lib_a-mallocr.o)
                0x200008f4                __malloc_sbrk_base
 .data.__mbtowc
                0x200008f8        0x4 c:/ac6/systemworkbench/plugins/fr.ac6.mcu.externaltools.arm-none.win32_1.11.0.201610101338/tools/gcc-arm-none-eabi-5_4-2016q2-20160622-win32/bin/../lib/gcc/arm-none-eabi/5.4.1/../../../../arm-none-eabi/lib/armv6-m\libc.a(lib_a-mbtowc_r.o)
                0x200008f8                __mbtowc
                0x200008fc                . = ALIGN (0x4)
                0x200008fc                _edata = .

.jcr            0x200008fc        0x0 load address 0x0800e9a0
 .jcr           0x200008fc        0x0 c:/ac6/systemworkbench/plugins/fr.ac6.mcu.externaltools.arm-none.win32_1.11.0.201610101338/tools/gcc-arm-none-eabi-5_4-2016q2-20160622-win32/bin/../lib/gcc/arm-none-eabi/5.4.1/armv6-m/crtbegin.o

.igot.plt       0x200008fc        0x0 load address 0x0800e9a0
 .igot.plt      0x200008fc        0x0 c:/ac6/systemworkbench/plugins/fr.ac6.mcu.externaltools.arm-none.win32_1.11.0.201610101338/tools/gcc-arm-none-eabi-5_4-2016q2-20160622-win32/bin/../lib/gcc/arm-none-eabi/5.4.1/armv6-m/crtbegin.o
                0x200008fc                . = ALIGN (0x4)

.bss            0x20000900      0x3d0 load address 0x0800e9a0
                0x20000900                _sbss = .
                0x20000900                __bss_start__ = _sbss
 *(.bss)
 .bss           0x20000900       0x1c c:/ac6/systemworkbench/plugins/fr.ac6.mcu.externaltools.arm-none.win32_1.11.0.201610101338/tools/gcc-arm-none-eabi-5_4-2016q2-20160622-win32/bin/../lib/gcc/arm-none-eabi/5.4.1/armv6-m/crtbegin.o
 *fill*         0x2000091c        0x4 
 .bss           0x20000920       0xf0 src/main.o
                0x20000920                od_poczatek
                0x20000924                od_wolny
                0x20000928                wy_poczatek
                0x2000092c                wy_wolny
                0x20000930                times_X_ms
                0x20000938                accelerationX
                0x20000940                decelerationX
                0x20000948                stepsXAccel
                0x2000094c                stepsXDecel
                0x20000950                middleXSteps
                0x20000954                axisXEnabled
                0x20000958                times_Y_ms
                0x20000960                accelerationY
                0x20000968                decelerationY
                0x20000970                stepsYAccel
                0x20000974                stepsYDecel
                0x20000978                middleYSteps
                0x2000097c                currentYSpeed
                0x20000980                axisYEnabled
                0x20000984                timer_ms
                0x20000988                time2
 .bss           0x20000a10        0x8 src/syscalls.o
                0x20000a10                __env
 *(.bss*)
 .bss.__malloc_max_total_mem
                0x20000a18        0x4 c:/ac6/systemworkbench/plugins/fr.ac6.mcu.externaltools.arm-none.win32_1.11.0.201610101338/tools/gcc-arm-none-eabi-5_4-2016q2-20160622-win32/bin/../lib/gcc/arm-none-eabi/5.4.1/../../../../arm-none-eabi/lib/armv6-m\libc.a(lib_a-mallocr.o)
                0x20000a18                __malloc_max_total_mem
 .bss.__malloc_max_sbrked_mem
                0x20000a1c        0x4 c:/ac6/systemworkbench/plugins/fr.ac6.mcu.externaltools.arm-none.win32_1.11.0.201610101338/tools/gcc-arm-none-eabi-5_4-2016q2-20160622-win32/bin/../lib/gcc/arm-none-eabi/5.4.1/../../../../arm-none-eabi/lib/armv6-m\libc.a(lib_a-mallocr.o)
                0x20000a1c                __malloc_max_sbrked_mem
 .bss.__malloc_top_pad
                0x20000a20        0x4 c:/ac6/systemworkbench/plugins/fr.ac6.mcu.externaltools.arm-none.win32_1.11.0.201610101338/tools/gcc-arm-none-eabi-5_4-2016q2-20160622-win32/bin/../lib/gcc/arm-none-eabi/5.4.1/../../../../arm-none-eabi/lib/armv6-m\libc.a(lib_a-mallocr.o)
                0x20000a20                __malloc_top_pad
 .bss.__malloc_current_mallinfo
                0x20000a24       0x28 c:/ac6/systemworkbench/plugins/fr.ac6.mcu.externaltools.arm-none.win32_1.11.0.201610101338/tools/gcc-arm-none-eabi-5_4-2016q2-20160622-win32/bin/../lib/gcc/arm-none-eabi/5.4.1/../../../../arm-none-eabi/lib/armv6-m\libc.a(lib_a-mallocr.o)
                0x20000a24                __malloc_current_mallinfo
 *(COMMON)
 COMMON         0x20000a4c      0x280 src/main.o
                0x20000a4c                wysylanie
                0x20000c4c                odbieranie
 COMMON         0x20000ccc        0x4 c:/ac6/systemworkbench/plugins/fr.ac6.mcu.externaltools.arm-none.win32_1.11.0.201610101338/tools/gcc-arm-none-eabi-5_4-2016q2-20160622-win32/bin/../lib/gcc/arm-none-eabi/5.4.1/../../../../arm-none-eabi/lib/armv6-m\libc.a(lib_a-reent.o)
                0x20000ccc                errno
                0x20000cd0                . = ALIGN (0x4)
                0x20000cd0                _ebss = .
                0x20000cd0                __bss_end__ = _ebss

._user_heap_stack
                0x20000cd0      0x800 load address 0x0800e9a0
                0x20000cd0                . = ALIGN (0x8)
                0x20000cd0                PROVIDE (end, .)
                [!provide]                PROVIDE (_end, .)
                0x20000cd0                . = (. + _Min_Heap_Size)
                0x200014d0                . = (. + _Min_Stack_Size)
 *fill*         0x20000cd0      0x800 
                0x200014d0                . = ALIGN (0x8)

/DISCARD/
 libc.a(*)
 libm.a(*)
 libgcc.a(*)

.ARM.attributes
                0x00000000       0x28
 *(.ARM.attributes)
 .ARM.attributes
                0x00000000       0x1e c:/ac6/systemworkbench/plugins/fr.ac6.mcu.externaltools.arm-none.win32_1.11.0.201610101338/tools/gcc-arm-none-eabi-5_4-2016q2-20160622-win32/bin/../lib/gcc/arm-none-eabi/5.4.1/armv6-m/crti.o
 .ARM.attributes
                0x0000001e       0x2c c:/ac6/systemworkbench/plugins/fr.ac6.mcu.externaltools.arm-none.win32_1.11.0.201610101338/tools/gcc-arm-none-eabi-5_4-2016q2-20160622-win32/bin/../lib/gcc/arm-none-eabi/5.4.1/armv6-m/crtbegin.o
 .ARM.attributes
                0x0000004a       0x21 startup/startup_stm32f072.o
 .ARM.attributes
                0x0000006b       0x31 src/main.o
 .ARM.attributes
                0x0000009c       0x31 src/syscalls.o
 .ARM.attributes
                0x000000cd       0x31 src/system_stm32f0xx.o
 .ARM.attributes
                0x000000fe       0x31 src/usart_timer.o
 .ARM.attributes
                0x0000012f       0x31 StdPeriph_Driver/src/stm32f0xx_gpio.o
 .ARM.attributes
                0x00000160       0x31 StdPeriph_Driver/src/stm32f0xx_misc.o
 .ARM.attributes
                0x00000191       0x31 StdPeriph_Driver/src/stm32f0xx_rcc.o
 .ARM.attributes
                0x000001c2       0x31 StdPeriph_Driver/src/stm32f0xx_tim.o
 .ARM.attributes
                0x000001f3       0x31 StdPeriph_Driver/src/stm32f0xx_usart.o
 .ARM.attributes
                0x00000224       0x1e c:/ac6/systemworkbench/plugins/fr.ac6.mcu.externaltools.arm-none.win32_1.11.0.201610101338/tools/gcc-arm-none-eabi-5_4-2016q2-20160622-win32/bin/../lib/gcc/arm-none-eabi/5.4.1/armv6-m\libgcc.a(_udivsi3.o)
 .ARM.attributes
                0x00000242       0x1e c:/ac6/systemworkbench/plugins/fr.ac6.mcu.externaltools.arm-none.win32_1.11.0.201610101338/tools/gcc-arm-none-eabi-5_4-2016q2-20160622-win32/bin/../lib/gcc/arm-none-eabi/5.4.1/armv6-m\libgcc.a(_dvmd_tls.o)
 .ARM.attributes
                0x00000260       0x1e c:/ac6/systemworkbench/plugins/fr.ac6.mcu.externaltools.arm-none.win32_1.11.0.201610101338/tools/gcc-arm-none-eabi-5_4-2016q2-20160622-win32/bin/../lib/gcc/arm-none-eabi/5.4.1/armv6-m\libgcc.a(_arm_cmpsf2.o)
 .ARM.attributes
                0x0000027e       0x2c c:/ac6/systemworkbench/plugins/fr.ac6.mcu.externaltools.arm-none.win32_1.11.0.201610101338/tools/gcc-arm-none-eabi-5_4-2016q2-20160622-win32/bin/../lib/gcc/arm-none-eabi/5.4.1/armv6-m\libgcc.a(divsf3.o)
 .ARM.attributes
                0x000002aa       0x2c c:/ac6/systemworkbench/plugins/fr.ac6.mcu.externaltools.arm-none.win32_1.11.0.201610101338/tools/gcc-arm-none-eabi-5_4-2016q2-20160622-win32/bin/../lib/gcc/arm-none-eabi/5.4.1/armv6-m\libgcc.a(eqsf2.o)
 .ARM.attributes
                0x000002d6       0x2c c:/ac6/systemworkbench/plugins/fr.ac6.mcu.externaltools.arm-none.win32_1.11.0.201610101338/tools/gcc-arm-none-eabi-5_4-2016q2-20160622-win32/bin/../lib/gcc/arm-none-eabi/5.4.1/armv6-m\libgcc.a(gesf2.o)
 .ARM.attributes
                0x00000302       0x2c c:/ac6/systemworkbench/plugins/fr.ac6.mcu.externaltools.arm-none.win32_1.11.0.201610101338/tools/gcc-arm-none-eabi-5_4-2016q2-20160622-win32/bin/../lib/gcc/arm-none-eabi/5.4.1/armv6-m\libgcc.a(lesf2.o)
 .ARM.attributes
                0x0000032e       0x2c c:/ac6/systemworkbench/plugins/fr.ac6.mcu.externaltools.arm-none.win32_1.11.0.201610101338/tools/gcc-arm-none-eabi-5_4-2016q2-20160622-win32/bin/../lib/gcc/arm-none-eabi/5.4.1/armv6-m\libgcc.a(mulsf3.o)
 .ARM.attributes
                0x0000035a       0x2c c:/ac6/systemworkbench/plugins/fr.ac6.mcu.externaltools.arm-none.win32_1.11.0.201610101338/tools/gcc-arm-none-eabi-5_4-2016q2-20160622-win32/bin/../lib/gcc/arm-none-eabi/5.4.1/armv6-m\libgcc.a(subsf3.o)
 .ARM.attributes
                0x00000386       0x2c c:/ac6/systemworkbench/plugins/fr.ac6.mcu.externaltools.arm-none.win32_1.11.0.201610101338/tools/gcc-arm-none-eabi-5_4-2016q2-20160622-win32/bin/../lib/gcc/arm-none-eabi/5.4.1/armv6-m\libgcc.a(fixsfsi.o)
 .ARM.attributes
                0x000003b2       0x2c c:/ac6/systemworkbench/plugins/fr.ac6.mcu.externaltools.arm-none.win32_1.11.0.201610101338/tools/gcc-arm-none-eabi-5_4-2016q2-20160622-win32/bin/../lib/gcc/arm-none-eabi/5.4.1/armv6-m\libgcc.a(floatsisf.o)
 .ARM.attributes
                0x000003de       0x2c c:/ac6/systemworkbench/plugins/fr.ac6.mcu.externaltools.arm-none.win32_1.11.0.201610101338/tools/gcc-arm-none-eabi-5_4-2016q2-20160622-win32/bin/../lib/gcc/arm-none-eabi/5.4.1/armv6-m\libgcc.a(adddf3.o)
 .ARM.attributes
                0x0000040a       0x2c c:/ac6/systemworkbench/plugins/fr.ac6.mcu.externaltools.arm-none.win32_1.11.0.201610101338/tools/gcc-arm-none-eabi-5_4-2016q2-20160622-win32/bin/../lib/gcc/arm-none-eabi/5.4.1/armv6-m\libgcc.a(divdf3.o)
 .ARM.attributes
                0x00000436       0x2c c:/ac6/systemworkbench/plugins/fr.ac6.mcu.externaltools.arm-none.win32_1.11.0.201610101338/tools/gcc-arm-none-eabi-5_4-2016q2-20160622-win32/bin/../lib/gcc/arm-none-eabi/5.4.1/armv6-m\libgcc.a(muldf3.o)
 .ARM.attributes
                0x00000462       0x2c c:/ac6/systemworkbench/plugins/fr.ac6.mcu.externaltools.arm-none.win32_1.11.0.201610101338/tools/gcc-arm-none-eabi-5_4-2016q2-20160622-win32/bin/../lib/gcc/arm-none-eabi/5.4.1/armv6-m\libgcc.a(subdf3.o)
 .ARM.attributes
                0x0000048e       0x2c c:/ac6/systemworkbench/plugins/fr.ac6.mcu.externaltools.arm-none.win32_1.11.0.201610101338/tools/gcc-arm-none-eabi-5_4-2016q2-20160622-win32/bin/../lib/gcc/arm-none-eabi/5.4.1/armv6-m\libgcc.a(fixdfsi.o)
 .ARM.attributes
                0x000004ba       0x2c c:/ac6/systemworkbench/plugins/fr.ac6.mcu.externaltools.arm-none.win32_1.11.0.201610101338/tools/gcc-arm-none-eabi-5_4-2016q2-20160622-win32/bin/../lib/gcc/arm-none-eabi/5.4.1/armv6-m\libgcc.a(floatsidf.o)
 .ARM.attributes
                0x000004e6       0x2c c:/ac6/systemworkbench/plugins/fr.ac6.mcu.externaltools.arm-none.win32_1.11.0.201610101338/tools/gcc-arm-none-eabi-5_4-2016q2-20160622-win32/bin/../lib/gcc/arm-none-eabi/5.4.1/armv6-m\libgcc.a(extendsfdf2.o)
 .ARM.attributes
                0x00000512       0x2c c:/ac6/systemworkbench/plugins/fr.ac6.mcu.externaltools.arm-none.win32_1.11.0.201610101338/tools/gcc-arm-none-eabi-5_4-2016q2-20160622-win32/bin/../lib/gcc/arm-none-eabi/5.4.1/armv6-m\libgcc.a(truncdfsf2.o)
 .ARM.attributes
                0x0000053e       0x1e c:/ac6/systemworkbench/plugins/fr.ac6.mcu.externaltools.arm-none.win32_1.11.0.201610101338/tools/gcc-arm-none-eabi-5_4-2016q2-20160622-win32/bin/../lib/gcc/arm-none-eabi/5.4.1/armv6-m\libgcc.a(_clzsi2.o)
 .ARM.attributes
                0x0000055c       0x2c c:/ac6/systemworkbench/plugins/fr.ac6.mcu.externaltools.arm-none.win32_1.11.0.201610101338/tools/gcc-arm-none-eabi-5_4-2016q2-20160622-win32/bin/../lib/gcc/arm-none-eabi/5.4.1/../../../../arm-none-eabi/lib/armv6-m\libc.a(lib_a-atoi.o)
 .ARM.attributes
                0x00000588       0x2c c:/ac6/systemworkbench/plugins/fr.ac6.mcu.externaltools.arm-none.win32_1.11.0.201610101338/tools/gcc-arm-none-eabi-5_4-2016q2-20160622-win32/bin/../lib/gcc/arm-none-eabi/5.4.1/../../../../arm-none-eabi/lib/armv6-m\libc.a(lib_a-ctype_.o)
 .ARM.attributes
                0x000005b4       0x2c c:/ac6/systemworkbench/plugins/fr.ac6.mcu.externaltools.arm-none.win32_1.11.0.201610101338/tools/gcc-arm-none-eabi-5_4-2016q2-20160622-win32/bin/../lib/gcc/arm-none-eabi/5.4.1/../../../../arm-none-eabi/lib/armv6-m\libc.a(lib_a-errno.o)
 .ARM.attributes
                0x000005e0       0x2c c:/ac6/systemworkbench/plugins/fr.ac6.mcu.externaltools.arm-none.win32_1.11.0.201610101338/tools/gcc-arm-none-eabi-5_4-2016q2-20160622-win32/bin/../lib/gcc/arm-none-eabi/5.4.1/../../../../arm-none-eabi/lib/armv6-m\libc.a(lib_a-impure.o)
 .ARM.attributes
                0x0000060c       0x2c c:/ac6/systemworkbench/plugins/fr.ac6.mcu.externaltools.arm-none.win32_1.11.0.201610101338/tools/gcc-arm-none-eabi-5_4-2016q2-20160622-win32/bin/../lib/gcc/arm-none-eabi/5.4.1/../../../../arm-none-eabi/lib/armv6-m\libc.a(lib_a-init.o)
 .ARM.attributes
                0x00000638       0x2c c:/ac6/systemworkbench/plugins/fr.ac6.mcu.externaltools.arm-none.win32_1.11.0.201610101338/tools/gcc-arm-none-eabi-5_4-2016q2-20160622-win32/bin/../lib/gcc/arm-none-eabi/5.4.1/../../../../arm-none-eabi/lib/armv6-m\libc.a(lib_a-memset.o)
 .ARM.attributes
                0x00000664       0x2c c:/ac6/systemworkbench/plugins/fr.ac6.mcu.externaltools.arm-none.win32_1.11.0.201610101338/tools/gcc-arm-none-eabi-5_4-2016q2-20160622-win32/bin/../lib/gcc/arm-none-eabi/5.4.1/../../../../arm-none-eabi/lib/armv6-m\libc.a(lib_a-sprintf.o)
 .ARM.attributes
                0x00000690       0x2c c:/ac6/systemworkbench/plugins/fr.ac6.mcu.externaltools.arm-none.win32_1.11.0.201610101338/tools/gcc-arm-none-eabi-5_4-2016q2-20160622-win32/bin/../lib/gcc/arm-none-eabi/5.4.1/../../../../arm-none-eabi/lib/armv6-m\libc.a(lib_a-sscanf.o)
 .ARM.attributes
                0x000006bc       0x2c c:/ac6/systemworkbench/plugins/fr.ac6.mcu.externaltools.arm-none.win32_1.11.0.201610101338/tools/gcc-arm-none-eabi-5_4-2016q2-20160622-win32/bin/../lib/gcc/arm-none-eabi/5.4.1/../../../../arm-none-eabi/lib/armv6-m\libc.a(lib_a-stdio.o)
 .ARM.attributes
                0x000006e8       0x1b c:/ac6/systemworkbench/plugins/fr.ac6.mcu.externaltools.arm-none.win32_1.11.0.201610101338/tools/gcc-arm-none-eabi-5_4-2016q2-20160622-win32/bin/../lib/gcc/arm-none-eabi/5.4.1/../../../../arm-none-eabi/lib/armv6-m\libc.a(lib_a-strcmp.o)
 .ARM.attributes
                0x00000703       0x2c c:/ac6/systemworkbench/plugins/fr.ac6.mcu.externaltools.arm-none.win32_1.11.0.201610101338/tools/gcc-arm-none-eabi-5_4-2016q2-20160622-win32/bin/../lib/gcc/arm-none-eabi/5.4.1/../../../../arm-none-eabi/lib/armv6-m\libc.a(lib_a-strlen-stub.o)
 .ARM.attributes
                0x0000072f       0x2c c:/ac6/systemworkbench/plugins/fr.ac6.mcu.externaltools.arm-none.win32_1.11.0.201610101338/tools/gcc-arm-none-eabi-5_4-2016q2-20160622-win32/bin/../lib/gcc/arm-none-eabi/5.4.1/../../../../arm-none-eabi/lib/armv6-m\libc.a(lib_a-strncmp.o)
 .ARM.attributes
                0x0000075b       0x2c c:/ac6/systemworkbench/plugins/fr.ac6.mcu.externaltools.arm-none.win32_1.11.0.201610101338/tools/gcc-arm-none-eabi-5_4-2016q2-20160622-win32/bin/../lib/gcc/arm-none-eabi/5.4.1/../../../../arm-none-eabi/lib/armv6-m\libc.a(lib_a-strtol.o)
 .ARM.attributes
                0x00000787       0x2c c:/ac6/systemworkbench/plugins/fr.ac6.mcu.externaltools.arm-none.win32_1.11.0.201610101338/tools/gcc-arm-none-eabi-5_4-2016q2-20160622-win32/bin/../lib/gcc/arm-none-eabi/5.4.1/../../../../arm-none-eabi/lib/armv6-m\libc.a(lib_a-svfprintf.o)
 .ARM.attributes
                0x000007b3       0x2c c:/ac6/systemworkbench/plugins/fr.ac6.mcu.externaltools.arm-none.win32_1.11.0.201610101338/tools/gcc-arm-none-eabi-5_4-2016q2-20160622-win32/bin/../lib/gcc/arm-none-eabi/5.4.1/../../../../arm-none-eabi/lib/armv6-m\libc.a(lib_a-svfscanf.o)
 .ARM.attributes
                0x000007df       0x2c c:/ac6/systemworkbench/plugins/fr.ac6.mcu.externaltools.arm-none.win32_1.11.0.201610101338/tools/gcc-arm-none-eabi-5_4-2016q2-20160622-win32/bin/../lib/gcc/arm-none-eabi/5.4.1/../../../../arm-none-eabi/lib/armv6-m\libc.a(lib_a-__call_atexit.o)
 .ARM.attributes
                0x0000080b       0x2c c:/ac6/systemworkbench/plugins/fr.ac6.mcu.externaltools.arm-none.win32_1.11.0.201610101338/tools/gcc-arm-none-eabi-5_4-2016q2-20160622-win32/bin/../lib/gcc/arm-none-eabi/5.4.1/../../../../arm-none-eabi/lib/armv6-m\libc.a(lib_a-atexit.o)
 .ARM.attributes
                0x00000837       0x2c c:/ac6/systemworkbench/plugins/fr.ac6.mcu.externaltools.arm-none.win32_1.11.0.201610101338/tools/gcc-arm-none-eabi-5_4-2016q2-20160622-win32/bin/../lib/gcc/arm-none-eabi/5.4.1/../../../../arm-none-eabi/lib/armv6-m\libc.a(lib_a-dtoa.o)
 .ARM.attributes
                0x00000863       0x2c c:/ac6/systemworkbench/plugins/fr.ac6.mcu.externaltools.arm-none.win32_1.11.0.201610101338/tools/gcc-arm-none-eabi-5_4-2016q2-20160622-win32/bin/../lib/gcc/arm-none-eabi/5.4.1/../../../../arm-none-eabi/lib/armv6-m\libc.a(lib_a-fini.o)
 .ARM.attributes
                0x0000088f       0x2c c:/ac6/systemworkbench/plugins/fr.ac6.mcu.externaltools.arm-none.win32_1.11.0.201610101338/tools/gcc-arm-none-eabi-5_4-2016q2-20160622-win32/bin/../lib/gcc/arm-none-eabi/5.4.1/../../../../arm-none-eabi/lib/armv6-m\libc.a(lib_a-iswspace.o)
 .ARM.attributes
                0x000008bb       0x2c c:/ac6/systemworkbench/plugins/fr.ac6.mcu.externaltools.arm-none.win32_1.11.0.201610101338/tools/gcc-arm-none-eabi-5_4-2016q2-20160622-win32/bin/../lib/gcc/arm-none-eabi/5.4.1/../../../../arm-none-eabi/lib/armv6-m\libc.a(lib_a-locale.o)
 .ARM.attributes
                0x000008e7       0x2c c:/ac6/systemworkbench/plugins/fr.ac6.mcu.externaltools.arm-none.win32_1.11.0.201610101338/tools/gcc-arm-none-eabi-5_4-2016q2-20160622-win32/bin/../lib/gcc/arm-none-eabi/5.4.1/../../../../arm-none-eabi/lib/armv6-m\libc.a(lib_a-mallocr.o)
 .ARM.attributes
                0x00000913       0x2c c:/ac6/systemworkbench/plugins/fr.ac6.mcu.externaltools.arm-none.win32_1.11.0.201610101338/tools/gcc-arm-none-eabi-5_4-2016q2-20160622-win32/bin/../lib/gcc/arm-none-eabi/5.4.1/../../../../arm-none-eabi/lib/armv6-m\libc.a(lib_a-mbrtowc.o)
 .ARM.attributes
                0x0000093f       0x2c c:/ac6/systemworkbench/plugins/fr.ac6.mcu.externaltools.arm-none.win32_1.11.0.201610101338/tools/gcc-arm-none-eabi-5_4-2016q2-20160622-win32/bin/../lib/gcc/arm-none-eabi/5.4.1/../../../../arm-none-eabi/lib/armv6-m\libc.a(lib_a-mbtowc_r.o)
 .ARM.attributes
                0x0000096b       0x2c c:/ac6/systemworkbench/plugins/fr.ac6.mcu.externaltools.arm-none.win32_1.11.0.201610101338/tools/gcc-arm-none-eabi-5_4-2016q2-20160622-win32/bin/../lib/gcc/arm-none-eabi/5.4.1/../../../../arm-none-eabi/lib/armv6-m\libc.a(lib_a-memchr-stub.o)
 .ARM.attributes
                0x00000997       0x2c c:/ac6/systemworkbench/plugins/fr.ac6.mcu.externaltools.arm-none.win32_1.11.0.201610101338/tools/gcc-arm-none-eabi-5_4-2016q2-20160622-win32/bin/../lib/gcc/arm-none-eabi/5.4.1/../../../../arm-none-eabi/lib/armv6-m\libc.a(lib_a-memcpy-stub.o)
 .ARM.attributes
                0x000009c3       0x2c c:/ac6/systemworkbench/plugins/fr.ac6.mcu.externaltools.arm-none.win32_1.11.0.201610101338/tools/gcc-arm-none-eabi-5_4-2016q2-20160622-win32/bin/../lib/gcc/arm-none-eabi/5.4.1/../../../../arm-none-eabi/lib/armv6-m\libc.a(lib_a-mlock.o)
 .ARM.attributes
                0x000009ef       0x2c c:/ac6/systemworkbench/plugins/fr.ac6.mcu.externaltools.arm-none.win32_1.11.0.201610101338/tools/gcc-arm-none-eabi-5_4-2016q2-20160622-win32/bin/../lib/gcc/arm-none-eabi/5.4.1/../../../../arm-none-eabi/lib/armv6-m\libc.a(lib_a-mprec.o)
 .ARM.attributes
                0x00000a1b       0x2c c:/ac6/systemworkbench/plugins/fr.ac6.mcu.externaltools.arm-none.win32_1.11.0.201610101338/tools/gcc-arm-none-eabi-5_4-2016q2-20160622-win32/bin/../lib/gcc/arm-none-eabi/5.4.1/../../../../arm-none-eabi/lib/armv6-m\libc.a(lib_a-reent.o)
 .ARM.attributes
                0x00000a47       0x2c c:/ac6/systemworkbench/plugins/fr.ac6.mcu.externaltools.arm-none.win32_1.11.0.201610101338/tools/gcc-arm-none-eabi-5_4-2016q2-20160622-win32/bin/../lib/gcc/arm-none-eabi/5.4.1/../../../../arm-none-eabi/lib/armv6-m\libc.a(lib_a-sbrkr.o)
 .ARM.attributes
                0x00000a73       0x2c c:/ac6/systemworkbench/plugins/fr.ac6.mcu.externaltools.arm-none.win32_1.11.0.201610101338/tools/gcc-arm-none-eabi-5_4-2016q2-20160622-win32/bin/../lib/gcc/arm-none-eabi/5.4.1/../../../../arm-none-eabi/lib/armv6-m\libc.a(lib_a-sccl.o)
 .ARM.attributes
                0x00000a9f       0x2c c:/ac6/systemworkbench/plugins/fr.ac6.mcu.externaltools.arm-none.win32_1.11.0.201610101338/tools/gcc-arm-none-eabi-5_4-2016q2-20160622-win32/bin/../lib/gcc/arm-none-eabi/5.4.1/../../../../arm-none-eabi/lib/armv6-m\libc.a(lib_a-sf_nan.o)
 .ARM.attributes
                0x00000acb       0x2c c:/ac6/systemworkbench/plugins/fr.ac6.mcu.externaltools.arm-none.win32_1.11.0.201610101338/tools/gcc-arm-none-eabi-5_4-2016q2-20160622-win32/bin/../lib/gcc/arm-none-eabi/5.4.1/../../../../arm-none-eabi/lib/armv6-m\libc.a(lib_a-strtod.o)
 .ARM.attributes
                0x00000af7       0x2c c:/ac6/systemworkbench/plugins/fr.ac6.mcu.externaltools.arm-none.win32_1.11.0.201610101338/tools/gcc-arm-none-eabi-5_4-2016q2-20160622-win32/bin/../lib/gcc/arm-none-eabi/5.4.1/../../../../arm-none-eabi/lib/armv6-m\libc.a(lib_a-strtoll_r.o)
 .ARM.attributes
                0x00000b23       0x2c c:/ac6/systemworkbench/plugins/fr.ac6.mcu.externaltools.arm-none.win32_1.11.0.201610101338/tools/gcc-arm-none-eabi-5_4-2016q2-20160622-win32/bin/../lib/gcc/arm-none-eabi/5.4.1/../../../../arm-none-eabi/lib/armv6-m\libc.a(lib_a-strtoul.o)
 .ARM.attributes
                0x00000b4f       0x2c c:/ac6/systemworkbench/plugins/fr.ac6.mcu.externaltools.arm-none.win32_1.11.0.201610101338/tools/gcc-arm-none-eabi-5_4-2016q2-20160622-win32/bin/../lib/gcc/arm-none-eabi/5.4.1/../../../../arm-none-eabi/lib/armv6-m\libc.a(lib_a-strtoull_r.o)
 .ARM.attributes
                0x00000b7b       0x2c c:/ac6/systemworkbench/plugins/fr.ac6.mcu.externaltools.arm-none.win32_1.11.0.201610101338/tools/gcc-arm-none-eabi-5_4-2016q2-20160622-win32/bin/../lib/gcc/arm-none-eabi/5.4.1/../../../../arm-none-eabi/lib/armv6-m\libc.a(lib_a-svfiprintf.o)
 .ARM.attributes
                0x00000ba7       0x2c c:/ac6/systemworkbench/plugins/fr.ac6.mcu.externaltools.arm-none.win32_1.11.0.201610101338/tools/gcc-arm-none-eabi-5_4-2016q2-20160622-win32/bin/../lib/gcc/arm-none-eabi/5.4.1/../../../../arm-none-eabi/lib/armv6-m\libc.a(lib_a-svfiscanf.o)
 .ARM.attributes
                0x00000bd3       0x2c c:/ac6/systemworkbench/plugins/fr.ac6.mcu.externaltools.arm-none.win32_1.11.0.201610101338/tools/gcc-arm-none-eabi-5_4-2016q2-20160622-win32/bin/../lib/gcc/arm-none-eabi/5.4.1/../../../../arm-none-eabi/lib/armv6-m\libc.a(lib_a-ungetc.o)
 .ARM.attributes
                0x00000bff       0x2c c:/ac6/systemworkbench/plugins/fr.ac6.mcu.externaltools.arm-none.win32_1.11.0.201610101338/tools/gcc-arm-none-eabi-5_4-2016q2-20160622-win32/bin/../lib/gcc/arm-none-eabi/5.4.1/../../../../arm-none-eabi/lib/armv6-m\libc.a(lib_a-__atexit.o)
 .ARM.attributes
                0x00000c2b       0x2c c:/ac6/systemworkbench/plugins/fr.ac6.mcu.externaltools.arm-none.win32_1.11.0.201610101338/tools/gcc-arm-none-eabi-5_4-2016q2-20160622-win32/bin/../lib/gcc/arm-none-eabi/5.4.1/../../../../arm-none-eabi/lib/armv6-m\libc.a(lib_a-callocr.o)
 .ARM.attributes
                0x00000c57       0x2c c:/ac6/systemworkbench/plugins/fr.ac6.mcu.externaltools.arm-none.win32_1.11.0.201610101338/tools/gcc-arm-none-eabi-5_4-2016q2-20160622-win32/bin/../lib/gcc/arm-none-eabi/5.4.1/../../../../arm-none-eabi/lib/armv6-m\libc.a(lib_a-freer.o)
 .ARM.attributes
                0x00000c83       0x2c c:/ac6/systemworkbench/plugins/fr.ac6.mcu.externaltools.arm-none.win32_1.11.0.201610101338/tools/gcc-arm-none-eabi-5_4-2016q2-20160622-win32/bin/../lib/gcc/arm-none-eabi/5.4.1/../../../../arm-none-eabi/lib/armv6-m\libc.a(lib_a-gdtoa-gethex.o)
 .ARM.attributes
                0x00000caf       0x2c c:/ac6/systemworkbench/plugins/fr.ac6.mcu.externaltools.arm-none.win32_1.11.0.201610101338/tools/gcc-arm-none-eabi-5_4-2016q2-20160622-win32/bin/../lib/gcc/arm-none-eabi/5.4.1/../../../../arm-none-eabi/lib/armv6-m\libc.a(lib_a-gdtoa-hexnan.o)
 .ARM.attributes
                0x00000cdb       0x2c c:/ac6/systemworkbench/plugins/fr.ac6.mcu.externaltools.arm-none.win32_1.11.0.201610101338/tools/gcc-arm-none-eabi-5_4-2016q2-20160622-win32/bin/../lib/gcc/arm-none-eabi/5.4.1/../../../../arm-none-eabi/lib/armv6-m\libc.a(lib_a-memmove.o)
 .ARM.attributes
                0x00000d07       0x2c c:/ac6/systemworkbench/plugins/fr.ac6.mcu.externaltools.arm-none.win32_1.11.0.201610101338/tools/gcc-arm-none-eabi-5_4-2016q2-20160622-win32/bin/../lib/gcc/arm-none-eabi/5.4.1/../../../../arm-none-eabi/lib/armv6-m\libc.a(lib_a-reallocr.o)
 .ARM.attributes
                0x00000d33       0x1e c:/ac6/systemworkbench/plugins/fr.ac6.mcu.externaltools.arm-none.win32_1.11.0.201610101338/tools/gcc-arm-none-eabi-5_4-2016q2-20160622-win32/bin/../lib/gcc/arm-none-eabi/5.4.1/armv6-m\libgcc.a(_divsi3.o)
 .ARM.attributes
                0x00000d51       0x1e c:/ac6/systemworkbench/plugins/fr.ac6.mcu.externaltools.arm-none.win32_1.11.0.201610101338/tools/gcc-arm-none-eabi-5_4-2016q2-20160622-win32/bin/../lib/gcc/arm-none-eabi/5.4.1/armv6-m\libgcc.a(_arm_cmpdf2.o)
 .ARM.attributes
                0x00000d6f       0x1e c:/ac6/systemworkbench/plugins/fr.ac6.mcu.externaltools.arm-none.win32_1.11.0.201610101338/tools/gcc-arm-none-eabi-5_4-2016q2-20160622-win32/bin/../lib/gcc/arm-none-eabi/5.4.1/armv6-m\libgcc.a(_aeabi_uldivmod.o)
 .ARM.attributes
                0x00000d8d       0x2c c:/ac6/systemworkbench/plugins/fr.ac6.mcu.externaltools.arm-none.win32_1.11.0.201610101338/tools/gcc-arm-none-eabi-5_4-2016q2-20160622-win32/bin/../lib/gcc/arm-none-eabi/5.4.1/armv6-m\libgcc.a(_muldi3.o)
 .ARM.attributes
                0x00000db9       0x2c c:/ac6/systemworkbench/plugins/fr.ac6.mcu.externaltools.arm-none.win32_1.11.0.201610101338/tools/gcc-arm-none-eabi-5_4-2016q2-20160622-win32/bin/../lib/gcc/arm-none-eabi/5.4.1/armv6-m\libgcc.a(_fixunsdfsi.o)
 .ARM.attributes
                0x00000de5       0x2c c:/ac6/systemworkbench/plugins/fr.ac6.mcu.externaltools.arm-none.win32_1.11.0.201610101338/tools/gcc-arm-none-eabi-5_4-2016q2-20160622-win32/bin/../lib/gcc/arm-none-eabi/5.4.1/armv6-m\libgcc.a(_udivmoddi4.o)
 .ARM.attributes
                0x00000e11       0x2c c:/ac6/systemworkbench/plugins/fr.ac6.mcu.externaltools.arm-none.win32_1.11.0.201610101338/tools/gcc-arm-none-eabi-5_4-2016q2-20160622-win32/bin/../lib/gcc/arm-none-eabi/5.4.1/armv6-m\libgcc.a(eqdf2.o)
 .ARM.attributes
                0x00000e3d       0x2c c:/ac6/systemworkbench/plugins/fr.ac6.mcu.externaltools.arm-none.win32_1.11.0.201610101338/tools/gcc-arm-none-eabi-5_4-2016q2-20160622-win32/bin/../lib/gcc/arm-none-eabi/5.4.1/armv6-m\libgcc.a(gedf2.o)
 .ARM.attributes
                0x00000e69       0x2c c:/ac6/systemworkbench/plugins/fr.ac6.mcu.externaltools.arm-none.win32_1.11.0.201610101338/tools/gcc-arm-none-eabi-5_4-2016q2-20160622-win32/bin/../lib/gcc/arm-none-eabi/5.4.1/armv6-m\libgcc.a(ledf2.o)
 .ARM.attributes
                0x00000e95       0x2c c:/ac6/systemworkbench/plugins/fr.ac6.mcu.externaltools.arm-none.win32_1.11.0.201610101338/tools/gcc-arm-none-eabi-5_4-2016q2-20160622-win32/bin/../lib/gcc/arm-none-eabi/5.4.1/armv6-m\libgcc.a(unorddf2.o)
 .ARM.attributes
                0x00000ec1       0x2c c:/ac6/systemworkbench/plugins/fr.ac6.mcu.externaltools.arm-none.win32_1.11.0.201610101338/tools/gcc-arm-none-eabi-5_4-2016q2-20160622-win32/bin/../lib/gcc/arm-none-eabi/5.4.1/armv6-m\libgcc.a(floatunsidf.o)
 .ARM.attributes
                0x00000eed       0x1e c:/ac6/systemworkbench/plugins/fr.ac6.mcu.externaltools.arm-none.win32_1.11.0.201610101338/tools/gcc-arm-none-eabi-5_4-2016q2-20160622-win32/bin/../lib/gcc/arm-none-eabi/5.4.1/armv6-m\libgcc.a(_clzdi2.o)
 .ARM.attributes
                0x00000f0b       0x1e c:/ac6/systemworkbench/plugins/fr.ac6.mcu.externaltools.arm-none.win32_1.11.0.201610101338/tools/gcc-arm-none-eabi-5_4-2016q2-20160622-win32/bin/../lib/gcc/arm-none-eabi/5.4.1/armv6-m/crtn.o
OUTPUT(Ploter.elf elf32-littlearm)

.debug_line     0x00000000     0x5383
 .debug_line    0x00000000       0x92 startup/startup_stm32f072.o
 .debug_line    0x00000092      0xb34 src/main.o
 .debug_line    0x00000bc6      0x640 src/syscalls.o
 .debug_line    0x00001206      0x6b2 src/system_stm32f0xx.o
 .debug_line    0x000018b8      0x95b src/usart_timer.o
 .debug_line    0x00002213      0x792 StdPeriph_Driver/src/stm32f0xx_gpio.o
 .debug_line    0x000029a5      0x680 StdPeriph_Driver/src/stm32f0xx_misc.o
 .debug_line    0x00003025      0x9ea StdPeriph_Driver/src/stm32f0xx_rcc.o
 .debug_line    0x00003a0f      0xf01 StdPeriph_Driver/src/stm32f0xx_tim.o
 .debug_line    0x00004910      0xa73 StdPeriph_Driver/src/stm32f0xx_usart.o
